Index Only Scan Backward using reading_records_visibility_idx on reading_records  (cost=0.43..4.46 rows=2 width=16) (actual time=0.046..0.049 rows=2.00 loops=1)
  Index Cond: (book_id = 42)
  Heap Fetches: 0
  Index Searches: 1
  Buffers: shared hit=4 read=3
Planning:
  Buffers: shared hit=36 read=1
Planning Time: 0.154 ms
Execution Time: 0.072 ms
Index Only Scan Backward using reading_records_visibility_idx on reading_records  (cost=0.43..4.46 rows=2 width=16) (actual time=0.015..0.032 rows=2.00 loops=1)
  Index Cond: (book_id = 42)
  Heap Fetches: 4
  Index Searches: 1
  Buffers: shared hit=8
Planning Time: 0.052 ms
Execution Time: 0.042 ms
Index Only Scan Backward using reading_records_visibility_idx on reading_records  (cost=0.43..8.46 rows=2 width=16) (actual time=0.006..0.007 rows=2.00 loops=1)
  Index Cond: (book_id = 42)
  Heap Fetches: 0
  Index Searches: 1
  Buffers: shared hit=4
Planning:
  Buffers: shared hit=10
Planning Time: 0.086 ms
Execution Time: 0.019 ms
