SET max_parallel_workers_per_gather = 0; SET jit = off; SET work_mem = '4MB';
SET
SET
SET
SELECT version();
                                                         version                                                          
--------------------------------------------------------------------------------------------------------------------------
 PostgreSQL 18.6 (Debian 18.6-1.pgdg13+2) on aarch64-unknown-linux-gnu, compiled by gcc (Debian 14.2.0-19) 14.2.0, 64-bit
(1 row)

SELECT indexname FROM pg_indexes WHERE tablename IN ('books','reading_records') ORDER BY 1;
         indexname         
---------------------------
 books_pkey
 books_title_idx
 reading_records_order_idx
(3 rows)

EXPLAIN (ANALYZE, BUFFERS)
SELECT b.id, b.title, count(*) AS read_count
FROM books AS b
JOIN reading_records AS r ON r.book_id = b.id
WHERE r.finished_at >= timestamp '2026-09-14'
  AND r.finished_at < timestamp '2026-09-21'
GROUP BY b.id, b.title
ORDER BY read_count DESC, b.id ASC
LIMIT 20;
                                                                                         QUERY PLAN                                                                                         
--------------------------------------------------------------------------------------------------------------------------------------------------------------------------------------------
 Limit  (cost=131087.50..131087.55 rows=20 width=38) (actual time=774.687..774.693 rows=20.00 loops=1)
   Buffers: shared hit=6353 read=2923, temp read=9044 written=10750
   ->  Sort  (cost=131087.50..132332.61 rows=498041 width=38) (actual time=774.686..774.690 rows=20.00 loops=1)
         Sort Key: (count(*)) DESC, b.id
         Sort Method: top-N heapsort  Memory: 27kB
         Buffers: shared hit=6353 read=2923, temp read=9044 written=10750
         ->  HashAggregate  (cost=106045.25..117834.81 rows=498041 width=38) (actual time=674.134..747.581 rows=255238.00 loops=1)
               Group Key: b.id
               Planned Partitions: 8  Batches: 9  Memory Usage: 8281kB  Disk Usage: 15584kB
               Buffers: shared hit=6350 read=2923, temp read=9044 written=10750
               ->  Hash Join  (cost=36689.43..66357.61 rows=498041 width=30) (actual time=273.111..555.437 rows=499998.00 loops=1)
                     Hash Cond: (r.book_id = b.id)
                     Buffers: shared hit=6350 read=2923, temp read=7279 written=7279
                     ->  Index Only Scan using reading_records_order_idx on reading_records r  (cost=0.43..17633.25 rows=498041 width=8) (actual time=0.009..59.064 rows=499998.00 loops=1)
                           Index Cond: ((finished_at >= '2026-09-14 00:00:00'::timestamp without time zone) AND (finished_at < '2026-09-21 00:00:00'::timestamp without time zone))
                           Heap Fetches: 46
                           Index Searches: 1
                           Buffers: shared hit=1920
                     ->  Hash  (cost=17353.00..17353.00 rows=1000000 width=30) (actual time=272.708..272.709 rows=1000000.00 loops=1)
                           Buckets: 131072  Batches: 16  Memory Usage: 4884kB
                           Buffers: shared hit=4430 read=2923, temp written=5815
                           ->  Seq Scan on books b  (cost=0.00..17353.00 rows=1000000 width=30) (actual time=0.025..102.125 rows=1000000.00 loops=1)
                                 Buffers: shared hit=4430 read=2923
 Planning:
   Buffers: shared hit=149 read=7
 Planning Time: 0.848 ms
 Execution Time: 776.581 ms
(27 rows)

EXPLAIN (ANALYZE, BUFFERS)
SELECT b.id, b.title, count(*) AS read_count
FROM books AS b
JOIN reading_records AS r ON r.book_id = b.id
WHERE r.finished_at >= timestamp '2026-09-14'
  AND r.finished_at < timestamp '2026-09-21'
GROUP BY b.id, b.title
ORDER BY read_count DESC, b.id ASC
LIMIT 10;
                                                                                         QUERY PLAN                                                                                         
--------------------------------------------------------------------------------------------------------------------------------------------------------------------------------------------
 Limit  (cost=128597.30..128597.32 rows=10 width=38) (actual time=738.659..738.665 rows=10.00 loops=1)
   Buffers: shared hit=6444 read=2829, temp read=9044 written=10750
   ->  Sort  (cost=128597.30..129842.40 rows=498041 width=38) (actual time=738.658..738.662 rows=10.00 loops=1)
         Sort Key: (count(*)) DESC, b.id
         Sort Method: top-N heapsort  Memory: 26kB
         Buffers: shared hit=6444 read=2829, temp read=9044 written=10750
         ->  HashAggregate  (cost=106045.25..117834.81 rows=498041 width=38) (actual time=644.168..711.580 rows=255238.00 loops=1)
               Group Key: b.id
               Planned Partitions: 8  Batches: 9  Memory Usage: 8281kB  Disk Usage: 15584kB
               Buffers: shared hit=6444 read=2829, temp read=9044 written=10750
               ->  Hash Join  (cost=36689.43..66357.61 rows=498041 width=30) (actual time=212.488..515.872 rows=499998.00 loops=1)
                     Hash Cond: (r.book_id = b.id)
                     Buffers: shared hit=6444 read=2829, temp read=7279 written=7279
                     ->  Index Only Scan using reading_records_order_idx on reading_records r  (cost=0.43..17633.25 rows=498041 width=8) (actual time=0.009..45.813 rows=499998.00 loops=1)
                           Index Cond: ((finished_at >= '2026-09-14 00:00:00'::timestamp without time zone) AND (finished_at < '2026-09-21 00:00:00'::timestamp without time zone))
                           Heap Fetches: 46
                           Index Searches: 1
                           Buffers: shared hit=1920
                     ->  Hash  (cost=17353.00..17353.00 rows=1000000 width=30) (actual time=212.271..212.272 rows=1000000.00 loops=1)
                           Buckets: 131072  Batches: 16  Memory Usage: 4884kB
                           Buffers: shared hit=4524 read=2829, temp written=5815
                           ->  Seq Scan on books b  (cost=0.00..17353.00 rows=1000000 width=30) (actual time=0.008..70.917 rows=1000000.00 loops=1)
                                 Buffers: shared hit=4524 read=2829
 Planning:
   Buffers: shared hit=14
 Planning Time: 0.184 ms
 Execution Time: 740.237 ms
(27 rows)

EXPLAIN (ANALYZE, BUFFERS)
SELECT b.id, b.title, count(*) AS read_count
FROM books AS b
JOIN reading_records AS r ON r.book_id = b.id
WHERE r.finished_at >= timestamp '2026-09-14'
  AND r.finished_at < timestamp '2026-09-21'
GROUP BY b.id, b.title
ORDER BY read_count DESC, b.id ASC
LIMIT 20;
                                                                                         QUERY PLAN                                                                                         
--------------------------------------------------------------------------------------------------------------------------------------------------------------------------------------------
 Limit  (cost=131087.50..131087.55 rows=20 width=38) (actual time=689.237..689.243 rows=20.00 loops=1)
   Buffers: shared hit=6538 read=2735, temp read=9044 written=10750
   ->  Sort  (cost=131087.50..132332.61 rows=498041 width=38) (actual time=689.236..689.240 rows=20.00 loops=1)
         Sort Key: (count(*)) DESC, b.id
         Sort Method: top-N heapsort  Memory: 27kB
         Buffers: shared hit=6538 read=2735, temp read=9044 written=10750
         ->  HashAggregate  (cost=106045.25..117834.81 rows=498041 width=38) (actual time=593.764..661.869 rows=255238.00 loops=1)
               Group Key: b.id
               Planned Partitions: 8  Batches: 9  Memory Usage: 8281kB  Disk Usage: 15584kB
               Buffers: shared hit=6538 read=2735, temp read=9044 written=10750
               ->  Hash Join  (cost=36689.43..66357.61 rows=498041 width=30) (actual time=210.565..475.314 rows=499998.00 loops=1)
                     Hash Cond: (r.book_id = b.id)
                     Buffers: shared hit=6538 read=2735, temp read=7279 written=7279
                     ->  Index Only Scan using reading_records_order_idx on reading_records r  (cost=0.43..17633.25 rows=498041 width=8) (actual time=0.009..44.598 rows=499998.00 loops=1)
                           Index Cond: ((finished_at >= '2026-09-14 00:00:00'::timestamp without time zone) AND (finished_at < '2026-09-21 00:00:00'::timestamp without time zone))
                           Heap Fetches: 46
                           Index Searches: 1
                           Buffers: shared hit=1920
                     ->  Hash  (cost=17353.00..17353.00 rows=1000000 width=30) (actual time=209.821..209.822 rows=1000000.00 loops=1)
                           Buckets: 131072  Batches: 16  Memory Usage: 4884kB
                           Buffers: shared hit=4618 read=2735, temp written=5815
                           ->  Seq Scan on books b  (cost=0.00..17353.00 rows=1000000 width=30) (actual time=0.007..71.690 rows=1000000.00 loops=1)
                                 Buffers: shared hit=4618 read=2735
 Planning:
   Buffers: shared hit=14
 Planning Time: 0.187 ms
 Execution Time: 690.812 ms
(27 rows)

EXPLAIN (ANALYZE, BUFFERS)
SELECT b.id, b.title, count(*) AS read_count
FROM books AS b
JOIN reading_records AS r ON r.book_id = b.id
WHERE r.finished_at >= timestamp '2026-09-14'
  AND r.finished_at < timestamp '2026-09-21'
GROUP BY b.id, b.title
ORDER BY read_count DESC, b.id ASC
LIMIT 10;
                                                                                         QUERY PLAN                                                                                         
--------------------------------------------------------------------------------------------------------------------------------------------------------------------------------------------
 Limit  (cost=128597.30..128597.32 rows=10 width=38) (actual time=718.274..718.279 rows=10.00 loops=1)
   Buffers: shared hit=6632 read=2641, temp read=9044 written=10750
   ->  Sort  (cost=128597.30..129842.40 rows=498041 width=38) (actual time=718.273..718.276 rows=10.00 loops=1)
         Sort Key: (count(*)) DESC, b.id
         Sort Method: top-N heapsort  Memory: 26kB
         Buffers: shared hit=6632 read=2641, temp read=9044 written=10750
         ->  HashAggregate  (cost=106045.25..117834.81 rows=498041 width=38) (actual time=621.777..690.903 rows=255238.00 loops=1)
               Group Key: b.id
               Planned Partitions: 8  Batches: 9  Memory Usage: 8281kB  Disk Usage: 15584kB
               Buffers: shared hit=6632 read=2641, temp read=9044 written=10750
               ->  Hash Join  (cost=36689.43..66357.61 rows=498041 width=30) (actual time=206.367..494.045 rows=499998.00 loops=1)
                     Hash Cond: (r.book_id = b.id)
                     Buffers: shared hit=6632 read=2641, temp read=7279 written=7279
                     ->  Index Only Scan using reading_records_order_idx on reading_records r  (cost=0.43..17633.25 rows=498041 width=8) (actual time=0.009..44.596 rows=499998.00 loops=1)
                           Index Cond: ((finished_at >= '2026-09-14 00:00:00'::timestamp without time zone) AND (finished_at < '2026-09-21 00:00:00'::timestamp without time zone))
                           Heap Fetches: 46
                           Index Searches: 1
                           Buffers: shared hit=1920
                     ->  Hash  (cost=17353.00..17353.00 rows=1000000 width=30) (actual time=206.191..206.191 rows=1000000.00 loops=1)
                           Buckets: 131072  Batches: 16  Memory Usage: 4884kB
                           Buffers: shared hit=4712 read=2641, temp written=5815
                           ->  Seq Scan on books b  (cost=0.00..17353.00 rows=1000000 width=30) (actual time=0.008..70.390 rows=1000000.00 loops=1)
                                 Buffers: shared hit=4712 read=2641
 Planning:
   Buffers: shared hit=14
 Planning Time: 0.188 ms
 Execution Time: 719.858 ms
(27 rows)

