SET max_parallel_workers_per_gather = 0; SET jit = off; SET work_mem = '4MB';
BEGIN; SET LOCAL work_mem = '4MB';
EXPLAIN (ANALYZE, BUFFERS)
SELECT b.id, b.title, count(*) AS read_count
FROM books AS b
JOIN reading_records AS r ON r.book_id = b.id
WHERE r.finished_at >= timestamp '2026-09-14'
  AND r.finished_at < timestamp '2026-09-21'
GROUP BY b.id, b.title
ORDER BY read_count DESC, b.id ASC
LIMIT 20;
                                                                                         QUERY PLAN                                                                                         
--------------------------------------------------------------------------------------------------------------------------------------------------------------------------------------------
 Limit  (cost=131087.50..131087.55 rows=20 width=38) (actual time=764.537..764.566 rows=20.00 loops=1)
   Buffers: shared hit=5718 read=3558, temp read=9044 written=10750
   ->  Sort  (cost=131087.50..132332.61 rows=498041 width=38) (actual time=764.536..764.551 rows=20.00 loops=1)
         Sort Key: (count(*)) DESC, b.id
         Sort Method: top-N heapsort  Memory: 27kB
         Buffers: shared hit=5718 read=3558, temp read=9044 written=10750
         ->  HashAggregate  (cost=106045.25..117834.81 rows=498041 width=38) (actual time=667.800..737.465 rows=255238.00 loops=1)
               Group Key: b.id
               Planned Partitions: 8  Batches: 9  Memory Usage: 8281kB  Disk Usage: 15584kB
               Buffers: shared hit=5715 read=3558, temp read=9044 written=10750
               ->  Hash Join  (cost=36689.43..66357.61 rows=498041 width=30) (actual time=251.774..542.120 rows=499998.00 loops=1)
                     Hash Cond: (r.book_id = b.id)
                     Buffers: shared hit=5715 read=3558, temp read=7279 written=7279
                     ->  Index Only Scan using reading_records_order_idx on reading_records r  (cost=0.43..17633.25 rows=498041 width=8) (actual time=0.031..56.302 rows=499998.00 loops=1)
                           Index Cond: ((finished_at >= '2026-09-14 00:00:00'::timestamp without time zone) AND (finished_at < '2026-09-21 00:00:00'::timestamp without time zone))
                           Heap Fetches: 46
                           Index Searches: 1
                           Buffers: shared hit=1920
                     ->  Hash  (cost=17353.00..17353.00 rows=1000000 width=30) (actual time=251.224..251.225 rows=1000000.00 loops=1)
                           Buckets: 131072  Batches: 16  Memory Usage: 4884kB
                           Buffers: shared hit=3795 read=3558, temp written=5815
                           ->  Seq Scan on books b  (cost=0.00..17353.00 rows=1000000 width=30) (actual time=0.016..91.182 rows=1000000.00 loops=1)
                                 Buffers: shared hit=3795 read=3558
 Planning:
   Buffers: shared hit=187
 Planning Time: 0.685 ms
 Execution Time: 766.383 ms
(27 rows)

ROLLBACK;
BEGIN; SET LOCAL work_mem = '16MB';
EXPLAIN (ANALYZE, BUFFERS)
SELECT b.id, b.title, count(*) AS read_count
FROM books AS b
JOIN reading_records AS r ON r.book_id = b.id
WHERE r.finished_at >= timestamp '2026-09-14'
  AND r.finished_at < timestamp '2026-09-21'
GROUP BY b.id, b.title
ORDER BY read_count DESC, b.id ASC
LIMIT 20;
                                                                                            QUERY PLAN                                                                                            
--------------------------------------------------------------------------------------------------------------------------------------------------------------------------------------------------
 Limit  (cost=128792.75..128792.80 rows=20 width=38) (actual time=719.487..719.492 rows=20.00 loops=1)
   Buffers: shared hit=3137 read=8873
   ->  Sort  (cost=128792.75..130037.86 rows=498041 width=38) (actual time=719.486..719.489 rows=20.00 loops=1)
         Sort Key: (count(*)) DESC, b.id
         Sort Method: top-N heapsort  Memory: 26kB
         Buffers: shared hit=3137 read=8873
         ->  GroupAggregate  (cost=64763.28..115540.06 rows=498041 width=38) (actual time=120.314..687.402 rows=255238.00 loops=1)
               Group Key: b.id
               Buffers: shared hit=3137 read=8873
               ->  Merge Join  (cost=64763.28..108069.45 rows=498041 width=30) (actual time=120.304..592.230 rows=499998.00 loops=1)
                     Merge Cond: (b.id = r.book_id)
                     Buffers: shared hit=3137 read=8873
                     ->  Index Scan using books_pkey on books b  (cost=0.42..33336.43 rows=1000000 width=30) (actual time=0.008..292.107 rows=1000000.00 loops=1)
                           Index Searches: 1
                           Buffers: shared hit=1217 read=8873
                     ->  Sort  (cost=64762.63..66007.73 rows=498041 width=8) (actual time=120.279..151.258 rows=499998.00 loops=1)
                           Sort Key: r.book_id
                           Sort Method: quicksort  Memory: 12289kB
                           Buffers: shared hit=1920
                           ->  Index Only Scan using reading_records_order_idx on reading_records r  (cost=0.43..17633.25 rows=498041 width=8) (actual time=0.009..50.520 rows=499998.00 loops=1)
                                 Index Cond: ((finished_at >= '2026-09-14 00:00:00'::timestamp without time zone) AND (finished_at < '2026-09-21 00:00:00'::timestamp without time zone))
                                 Heap Fetches: 46
                                 Index Searches: 1
                                 Buffers: shared hit=1920
 Planning:
   Buffers: shared hit=14
 Planning Time: 0.201 ms
 Execution Time: 719.777 ms
(28 rows)

ROLLBACK;
BEGIN; SET LOCAL work_mem = '64MB';
EXPLAIN (ANALYZE, BUFFERS)
SELECT b.id, b.title, count(*) AS read_count
FROM books AS b
JOIN reading_records AS r ON r.book_id = b.id
WHERE r.finished_at >= timestamp '2026-09-14'
  AND r.finished_at < timestamp '2026-09-21'
GROUP BY b.id, b.title
ORDER BY read_count DESC, b.id ASC
LIMIT 20;
                                                                                         QUERY PLAN                                                                                         
--------------------------------------------------------------------------------------------------------------------------------------------------------------------------------------------
 Limit  (cost=69516.91..69516.96 rows=20 width=38) (actual time=1081.863..1081.870 rows=20.00 loops=1)
   Buffers: shared hit=9273
   ->  Sort  (cost=69516.91..70762.01 rows=498041 width=38) (actual time=1081.862..1081.866 rows=20.00 loops=1)
         Sort Key: (count(*)) DESC, b.id
         Sort Method: top-N heapsort  Memory: 27kB
         Buffers: shared hit=9273
         ->  HashAggregate  (cost=51283.81..56264.22 rows=498041 width=38) (actual time=996.615..1054.365 rows=255238.00 loops=1)
               Group Key: b.id
               Batches: 1  Memory Usage: 32793kB
               Buffers: shared hit=9273
               ->  Hash Join  (cost=29853.43..48793.61 rows=498041 width=30) (actual time=264.853..757.120 rows=499998.00 loops=1)
                     Hash Cond: (r.book_id = b.id)
                     Buffers: shared hit=9273
                     ->  Index Only Scan using reading_records_order_idx on reading_records r  (cost=0.43..17633.25 rows=498041 width=8) (actual time=0.012..47.514 rows=499998.00 loops=1)
                           Index Cond: ((finished_at >= '2026-09-14 00:00:00'::timestamp without time zone) AND (finished_at < '2026-09-21 00:00:00'::timestamp without time zone))
                           Heap Fetches: 46
                           Index Searches: 1
                           Buffers: shared hit=1920
                     ->  Hash  (cost=17353.00..17353.00 rows=1000000 width=30) (actual time=264.229..264.230 rows=1000000.00 loops=1)
                           Buckets: 1048576  Batches: 1  Memory Usage: 69607kB
                           Buffers: shared hit=7353
                           ->  Seq Scan on books b  (cost=0.00..17353.00 rows=1000000 width=30) (actual time=0.010..66.036 rows=1000000.00 loops=1)
                                 Buffers: shared hit=7353
 Planning:
   Buffers: shared hit=14
 Planning Time: 0.178 ms
 Execution Time: 1083.741 ms
(27 rows)

ROLLBACK;
BEGIN; SET LOCAL work_mem = '4MB';
EXPLAIN (ANALYZE, BUFFERS)
SELECT b.id, b.title, count(*) AS read_count
FROM books AS b
JOIN reading_records AS r ON r.book_id = b.id
WHERE r.finished_at >= timestamp '2026-09-14'
  AND r.finished_at < timestamp '2026-09-21'
GROUP BY b.id, b.title
ORDER BY read_count DESC, b.id ASC
LIMIT 20;
                                                                                         QUERY PLAN                                                                                         
--------------------------------------------------------------------------------------------------------------------------------------------------------------------------------------------
 Limit  (cost=131087.50..131087.55 rows=20 width=38) (actual time=705.182..705.189 rows=20.00 loops=1)
   Buffers: shared hit=9273, temp read=9044 written=10750
   ->  Sort  (cost=131087.50..132332.61 rows=498041 width=38) (actual time=705.181..705.185 rows=20.00 loops=1)
         Sort Key: (count(*)) DESC, b.id
         Sort Method: top-N heapsort  Memory: 27kB
         Buffers: shared hit=9273, temp read=9044 written=10750
         ->  HashAggregate  (cost=106045.25..117834.81 rows=498041 width=38) (actual time=607.245..677.825 rows=255238.00 loops=1)
               Group Key: b.id
               Planned Partitions: 8  Batches: 9  Memory Usage: 8281kB  Disk Usage: 15584kB
               Buffers: shared hit=9273, temp read=9044 written=10750
               ->  Hash Join  (cost=36689.43..66357.61 rows=498041 width=30) (actual time=198.959..483.795 rows=499998.00 loops=1)
                     Hash Cond: (r.book_id = b.id)
                     Buffers: shared hit=9273, temp read=7279 written=7279
                     ->  Index Only Scan using reading_records_order_idx on reading_records r  (cost=0.43..17633.25 rows=498041 width=8) (actual time=0.009..44.122 rows=499998.00 loops=1)
                           Index Cond: ((finished_at >= '2026-09-14 00:00:00'::timestamp without time zone) AND (finished_at < '2026-09-21 00:00:00'::timestamp without time zone))
                           Heap Fetches: 46
                           Index Searches: 1
                           Buffers: shared hit=1920
                     ->  Hash  (cost=17353.00..17353.00 rows=1000000 width=30) (actual time=197.333..197.334 rows=1000000.00 loops=1)
                           Buckets: 131072  Batches: 16  Memory Usage: 4884kB
                           Buffers: shared hit=7353, temp written=5815
                           ->  Seq Scan on books b  (cost=0.00..17353.00 rows=1000000 width=30) (actual time=0.007..64.971 rows=1000000.00 loops=1)
                                 Buffers: shared hit=7353
 Planning:
   Buffers: shared hit=14
 Planning Time: 0.186 ms
 Execution Time: 706.532 ms
(27 rows)

ROLLBACK;
BEGIN; SET LOCAL work_mem = '16MB';
EXPLAIN (ANALYZE, BUFFERS)
SELECT b.id, b.title, count(*) AS read_count
FROM books AS b
JOIN reading_records AS r ON r.book_id = b.id
WHERE r.finished_at >= timestamp '2026-09-14'
  AND r.finished_at < timestamp '2026-09-21'
GROUP BY b.id, b.title
ORDER BY read_count DESC, b.id ASC
LIMIT 20;
                                                                                            QUERY PLAN                                                                                            
--------------------------------------------------------------------------------------------------------------------------------------------------------------------------------------------------
 Limit  (cost=128792.75..128792.80 rows=20 width=38) (actual time=524.970..524.974 rows=20.00 loops=1)
   Buffers: shared hit=12010
   ->  Sort  (cost=128792.75..130037.86 rows=498041 width=38) (actual time=524.968..524.971 rows=20.00 loops=1)
         Sort Key: (count(*)) DESC, b.id
         Sort Method: top-N heapsort  Memory: 26kB
         Buffers: shared hit=12010
         ->  GroupAggregate  (cost=64763.28..115540.06 rows=498041 width=38) (actual time=121.699..494.748 rows=255238.00 loops=1)
               Group Key: b.id
               Buffers: shared hit=12010
               ->  Merge Join  (cost=64763.28..108069.45 rows=498041 width=30) (actual time=121.692..403.654 rows=499998.00 loops=1)
                     Merge Cond: (b.id = r.book_id)
                     Buffers: shared hit=12010
                     ->  Index Scan using books_pkey on books b  (cost=0.42..33336.43 rows=1000000 width=30) (actual time=0.006..110.884 rows=1000000.00 loops=1)
                           Index Searches: 1
                           Buffers: shared hit=10090
                     ->  Sort  (cost=64762.63..66007.73 rows=498041 width=8) (actual time=121.668..151.930 rows=499998.00 loops=1)
                           Sort Key: r.book_id
                           Sort Method: quicksort  Memory: 12289kB
                           Buffers: shared hit=1920
                           ->  Index Only Scan using reading_records_order_idx on reading_records r  (cost=0.43..17633.25 rows=498041 width=8) (actual time=0.009..51.534 rows=499998.00 loops=1)
                                 Index Cond: ((finished_at >= '2026-09-14 00:00:00'::timestamp without time zone) AND (finished_at < '2026-09-21 00:00:00'::timestamp without time zone))
                                 Heap Fetches: 46
                                 Index Searches: 1
                                 Buffers: shared hit=1920
 Planning:
   Buffers: shared hit=14
 Planning Time: 0.190 ms
 Execution Time: 525.004 ms
(28 rows)

ROLLBACK;
BEGIN; SET LOCAL work_mem = '64MB';
EXPLAIN (ANALYZE, BUFFERS)
SELECT b.id, b.title, count(*) AS read_count
FROM books AS b
JOIN reading_records AS r ON r.book_id = b.id
WHERE r.finished_at >= timestamp '2026-09-14'
  AND r.finished_at < timestamp '2026-09-21'
GROUP BY b.id, b.title
ORDER BY read_count DESC, b.id ASC
LIMIT 20;
                                                                                         QUERY PLAN                                                                                         
--------------------------------------------------------------------------------------------------------------------------------------------------------------------------------------------
 Limit  (cost=69516.91..69516.96 rows=20 width=38) (actual time=1006.265..1006.272 rows=20.00 loops=1)
   Buffers: shared hit=9273
   ->  Sort  (cost=69516.91..70762.01 rows=498041 width=38) (actual time=1006.264..1006.268 rows=20.00 loops=1)
         Sort Key: (count(*)) DESC, b.id
         Sort Method: top-N heapsort  Memory: 27kB
         Buffers: shared hit=9273
         ->  HashAggregate  (cost=51283.81..56264.22 rows=498041 width=38) (actual time=946.475..979.348 rows=255238.00 loops=1)
               Group Key: b.id
               Batches: 1  Memory Usage: 32793kB
               Buffers: shared hit=9273
               ->  Hash Join  (cost=29853.43..48793.61 rows=498041 width=30) (actual time=250.307..712.297 rows=499998.00 loops=1)
                     Hash Cond: (r.book_id = b.id)
                     Buffers: shared hit=9273
                     ->  Index Only Scan using reading_records_order_idx on reading_records r  (cost=0.43..17633.25 rows=498041 width=8) (actual time=0.011..46.778 rows=499998.00 loops=1)
                           Index Cond: ((finished_at >= '2026-09-14 00:00:00'::timestamp without time zone) AND (finished_at < '2026-09-21 00:00:00'::timestamp without time zone))
                           Heap Fetches: 46
                           Index Searches: 1
                           Buffers: shared hit=1920
                     ->  Hash  (cost=17353.00..17353.00 rows=1000000 width=30) (actual time=249.300..249.301 rows=1000000.00 loops=1)
                           Buckets: 1048576  Batches: 1  Memory Usage: 69607kB
                           Buffers: shared hit=7353
                           ->  Seq Scan on books b  (cost=0.00..17353.00 rows=1000000 width=30) (actual time=0.009..65.760 rows=1000000.00 loops=1)
                                 Buffers: shared hit=7353
 Planning:
   Buffers: shared hit=14
 Planning Time: 0.180 ms
 Execution Time: 1007.507 ms
(27 rows)

ROLLBACK;
