SET
SET
SET
CREATE INDEX
VACUUM
                                                                            QUERY PLAN                                                                            
------------------------------------------------------------------------------------------------------------------------------------------------------------------
 Index Only Scan Backward using reading_records_visibility_idx on reading_records  (cost=0.43..4.46 rows=2 width=16) (actual time=0.033..0.036 rows=2.00 loops=1)
   Index Cond: (book_id = 42)
   Heap Fetches: 0
   Index Searches: 1
   Buffers: shared hit=4 read=3
 Planning:
   Buffers: shared hit=40 read=2 dirtied=1
 Planning Time: 0.372 ms
 Execution Time: 0.057 ms
(9 rows)

                                                                        QUERY PLAN                                                                         
-----------------------------------------------------------------------------------------------------------------------------------------------------------
 Update on reading_records  (cost=0.43..12.46 rows=0 width=0) (actual time=0.082..0.082 rows=0.00 loops=1)
   Buffers: shared hit=26 read=3 dirtied=3
   WAL: records=8 bytes=592
   ->  Index Scan using reading_records_visibility_idx on reading_records  (cost=0.43..12.46 rows=2 width=14) (actual time=0.005..0.008 rows=2.00 loops=1)
         Index Cond: (book_id = 42)
         Index Searches: 1
         Buffers: shared hit=5
 Planning:
   Buffers: shared hit=3
 Planning Time: 0.026 ms
 Execution Time: 0.113 ms
(11 rows)

                                                                            QUERY PLAN                                                                            
------------------------------------------------------------------------------------------------------------------------------------------------------------------
 Index Only Scan Backward using reading_records_visibility_idx on reading_records  (cost=0.43..4.46 rows=2 width=16) (actual time=0.005..0.006 rows=2.00 loops=1)
   Index Cond: (book_id = 42)
   Heap Fetches: 4
   Index Searches: 1
   Buffers: shared hit=8
 Planning Time: 0.021 ms
 Execution Time: 0.011 ms
(7 rows)

VACUUM
                                                                            QUERY PLAN                                                                            
------------------------------------------------------------------------------------------------------------------------------------------------------------------
 Index Only Scan Backward using reading_records_visibility_idx on reading_records  (cost=0.43..8.46 rows=2 width=16) (actual time=0.008..0.012 rows=2.00 loops=1)
   Index Cond: (book_id = 42)
   Heap Fetches: 2
   Index Searches: 1
   Buffers: shared hit=6
 Planning:
   Buffers: shared hit=8
 Planning Time: 0.112 ms
 Execution Time: 0.026 ms
(9 rows)

DROP INDEX
  pid  |        state        |          xact_start           
-------+---------------------+-------------------------------
 22521 | idle in transaction | 2026-09-24 16:00:58.490196+00
(1 row)

