Limit  (cost=131354.41..131354.46 rows=20 width=38) (actual time=802.877..802.882 rows=20.00 loops=1)
  Buffers: shared hit=2443 read=6904, temp read=9959 written=12563
  ->  Sort  (cost=131354.41..132603.23 rows=499528 width=38) (actual time=802.870..802.873 rows=20.00 loops=1)
        Sort Key: (count(*)) DESC, b.id
        Sort Method: top-N heapsort  Memory: 27kB
        Buffers: shared hit=2443 read=6904, temp read=9959 written=12563
        ->  HashAggregate  (cost=106237.39..118062.15 rows=499528 width=38) (actual time=659.071..761.983 rows=492722.00 loops=1)
              Group Key: b.id
              Planned Partitions: 8  Batches: 9  Memory Usage: 8281kB  Disk Usage: 23560kB
              Buffers: shared hit=2440 read=6904, temp read=9959 written=12563
              ->  Hash Join  (cost=36689.43..66431.25 rows=499528 width=30) (actual time=225.145..536.640 rows=499998.00 loops=1)
                    Hash Cond: (r.book_id = b.id)
                    Buffers: shared hit=2440 read=6904, temp read=7441 written=7441
                    ->  Index Only Scan using reading_records_order_idx on reading_records r  (cost=0.43..17690.99 rows=499528 width=8) (actual time=0.048..62.435 rows=499998.00 loops=1)
                          Index Cond: ((finished_at >= '2026-09-14 00:00:00'::timestamp without time zone) AND (finished_at < '2026-09-21 00:00:00'::timestamp without time zone))
                          Heap Fetches: 94
                          Index Searches: 1
                          Buffers: shared hit=1991
                    ->  Hash  (cost=17353.00..17353.00 rows=1000000 width=30) (actual time=224.697..224.698 rows=1000000.00 loops=1)
                          Buckets: 131072  Batches: 16  Memory Usage: 4872kB
                          Buffers: shared hit=449 read=6904, temp written=5815
                          ->  Seq Scan on books b  (cost=0.00..17353.00 rows=1000000 width=30) (actual time=0.017..65.934 rows=1000000.00 loops=1)
                                Buffers: shared hit=449 read=6904
Planning:
  Buffers: shared hit=181
Planning Time: 1.867 ms
Execution Time: 806.612 ms
Nested Loop  (cost=65696.18..65864.86 rows=20 width=38) (actual time=262.645..262.898 rows=20.00 loops=1)
  Buffers: shared hit=2067 read=2, temp read=1345 written=3060
  ->  Limit  (cost=65695.76..65695.81 rows=20 width=16) (actual time=262.604..262.608 rows=20.00 loops=1)
        Buffers: shared hit=1989, temp read=1345 written=3060
        ->  Sort  (cost=65695.76..66788.62 rows=437146 width=16) (actual time=262.602..262.605 rows=20.00 loops=1)
              Sort Key: (count(*)) DESC, reading_records.book_id
              Sort Method: top-N heapsort  Memory: 26kB
              Buffers: shared hit=1989, temp read=1345 written=3060
              ->  HashAggregate  (cost=45789.44..54063.46 rows=437146 width=16) (actual time=137.598..232.895 rows=492722.00 loops=1)
                    Group Key: reading_records.book_id
                    Planned Partitions: 8  Batches: 9  Memory Usage: 8281kB  Disk Usage: 15224kB
                    Buffers: shared hit=1989, temp read=1345 written=3060
                    ->  Index Only Scan using reading_records_order_idx on reading_records  (cost=0.43..17690.99 rows=499528 width=8) (actual time=0.010..34.756 rows=499998.00 loops=1)
                          Index Cond: ((finished_at >= '2026-09-14 00:00:00'::timestamp without time zone) AND (finished_at < '2026-09-21 00:00:00'::timestamp without time zone))
                          Heap Fetches: 93
                          Index Searches: 1
                          Buffers: shared hit=1989
  ->  Index Scan using books_pkey on books b  (cost=0.42..8.44 rows=1 width=30) (actual time=0.014..0.014 rows=1.00 loops=20)
        Index Cond: (id = reading_records.book_id)
        Index Searches: 20
        Buffers: shared hit=78 read=2
Planning:
  Buffers: shared hit=7
Planning Time: 0.188 ms
Execution Time: 264.509 ms
BENCH before 1
[
  {
    "Plan": {
      "Node Type": "Limit",
      "Parallel Aware": false,
      "Async Capable": false,
      "Startup Cost": 131354.41,
      "Total Cost": 131354.46,
      "Plan Rows": 20,
      "Plan Width": 38,
      "Actual Startup Time": 692.785,
      "Actual Total Time": 692.790,
      "Actual Rows": 20.00,
      "Actual Loops": 1,
      "Disabled": false,
      "Shared Hit Blocks": 2467,
      "Shared Read Blocks": 6875,
      "Shared Dirtied Blocks": 0,
      "Shared Written Blocks": 0,
      "Local Hit Blocks": 0,
      "Local Read Blocks": 0,
      "Local Dirtied Blocks": 0,
      "Local Written Blocks": 0,
      "Temp Read Blocks": 9959,
      "Temp Written Blocks": 12563,
      "Plans": [
        {
          "Node Type": "Sort",
          "Parent Relationship": "Outer",
          "Parallel Aware": false,
          "Async Capable": false,
          "Startup Cost": 131354.41,
          "Total Cost": 132603.23,
          "Plan Rows": 499528,
          "Plan Width": 38,
          "Actual Startup Time": 692.783,
          "Actual Total Time": 692.786,
          "Actual Rows": 20.00,
          "Actual Loops": 1,
          "Disabled": false,
          "Sort Key": ["(count(*)) DESC", "b.id"],
          "Sort Method": "top-N heapsort",
          "Sort Space Used": 27,
          "Sort Space Type": "Memory",
          "Shared Hit Blocks": 2467,
          "Shared Read Blocks": 6875,
          "Shared Dirtied Blocks": 0,
          "Shared Written Blocks": 0,
          "Local Hit Blocks": 0,
          "Local Read Blocks": 0,
          "Local Dirtied Blocks": 0,
          "Local Written Blocks": 0,
          "Temp Read Blocks": 9959,
          "Temp Written Blocks": 12563,
          "Plans": [
            {
              "Node Type": "Aggregate",
              "Strategy": "Hashed",
              "Partial Mode": "Simple",
              "Parent Relationship": "Outer",
              "Parallel Aware": false,
              "Async Capable": false,
              "Startup Cost": 106237.39,
              "Total Cost": 118062.15,
              "Plan Rows": 499528,
              "Plan Width": 38,
              "Actual Startup Time": 549.227,
              "Actual Total Time": 651.129,
              "Actual Rows": 492722.00,
              "Actual Loops": 1,
              "Disabled": false,
              "Group Key": ["b.id"],
              "Planned Partitions": 8,
              "HashAgg Batches": 9,
              "Peak Memory Usage": 8281,
              "Disk Usage": 23560,
              "Shared Hit Blocks": 2467,
              "Shared Read Blocks": 6875,
              "Shared Dirtied Blocks": 0,
              "Shared Written Blocks": 0,
              "Local Hit Blocks": 0,
              "Local Read Blocks": 0,
              "Local Dirtied Blocks": 0,
              "Local Written Blocks": 0,
              "Temp Read Blocks": 9959,
              "Temp Written Blocks": 12563,
              "Plans": [
                {
                  "Node Type": "Hash Join",
                  "Parent Relationship": "Outer",
                  "Parallel Aware": false,
                  "Async Capable": false,
                  "Join Type": "Inner",
                  "Startup Cost": 36689.43,
                  "Total Cost": 66431.25,
                  "Plan Rows": 499528,
                  "Plan Width": 30,
                  "Actual Startup Time": 176.642,
                  "Actual Total Time": 436.364,
                  "Actual Rows": 499998.00,
                  "Actual Loops": 1,
                  "Disabled": false,
                  "Inner Unique": true,
                  "Hash Cond": "(r.book_id = b.id)",
                  "Shared Hit Blocks": 2467,
                  "Shared Read Blocks": 6875,
                  "Shared Dirtied Blocks": 0,
                  "Shared Written Blocks": 0,
                  "Local Hit Blocks": 0,
                  "Local Read Blocks": 0,
                  "Local Dirtied Blocks": 0,
                  "Local Written Blocks": 0,
                  "Temp Read Blocks": 7441,
                  "Temp Written Blocks": 7441,
                  "Plans": [
                    {
                      "Node Type": "Index Only Scan",
                      "Parent Relationship": "Outer",
                      "Parallel Aware": false,
                      "Async Capable": false,
                      "Scan Direction": "Forward",
                      "Index Name": "reading_records_order_idx",
                      "Relation Name": "reading_records",
                      "Alias": "r",
                      "Startup Cost": 0.43,
                      "Total Cost": 17690.99,
                      "Plan Rows": 499528,
                      "Plan Width": 8,
                      "Actual Startup Time": 0.017,
                      "Actual Total Time": 35.464,
                      "Actual Rows": 499998.00,
                      "Actual Loops": 1,
                      "Disabled": false,
                      "Index Cond": "((finished_at >= '2026-09-14 00:00:00'::timestamp without time zone) AND (finished_at < '2026-09-21 00:00:00'::timestamp without time zone))",
                      "Rows Removed by Index Recheck": 0,
                      "Heap Fetches": 93,
                      "Index Searches": 1,
                      "Shared Hit Blocks": 1989,
                      "Shared Read Blocks": 0,
                      "Shared Dirtied Blocks": 0,
                      "Shared Written Blocks": 0,
                      "Local Hit Blocks": 0,
                      "Local Read Blocks": 0,
                      "Local Dirtied Blocks": 0,
                      "Local Written Blocks": 0,
                      "Temp Read Blocks": 0,
                      "Temp Written Blocks": 0
                    },
                    {
                      "Node Type": "Hash",
                      "Parent Relationship": "Inner",
                      "Parallel Aware": false,
                      "Async Capable": false,
                      "Startup Cost": 17353.00,
                      "Total Cost": 17353.00,
                      "Plan Rows": 1000000,
                      "Plan Width": 30,
                      "Actual Startup Time": 176.581,
                      "Actual Total Time": 176.582,
                      "Actual Rows": 1000000.00,
                      "Actual Loops": 1,
                      "Disabled": false,
                      "Hash Buckets": 131072,
                      "Original Hash Buckets": 131072,
                      "Hash Batches": 16,
                      "Original Hash Batches": 16,
                      "Peak Memory Usage": 4872,
                      "Shared Hit Blocks": 478,
                      "Shared Read Blocks": 6875,
                      "Shared Dirtied Blocks": 0,
                      "Shared Written Blocks": 0,
                      "Local Hit Blocks": 0,
                      "Local Read Blocks": 0,
                      "Local Dirtied Blocks": 0,
                      "Local Written Blocks": 0,
                      "Temp Read Blocks": 0,
                      "Temp Written Blocks": 5815,
                      "Plans": [
                        {
                          "Node Type": "Seq Scan",
                          "Parent Relationship": "Outer",
                          "Parallel Aware": false,
                          "Async Capable": false,
                          "Relation Name": "books",
                          "Alias": "b",
                          "Startup Cost": 0.00,
                          "Total Cost": 17353.00,
                          "Plan Rows": 1000000,
                          "Plan Width": 30,
                          "Actual Startup Time": 0.009,
                          "Actual Total Time": 58.176,
                          "Actual Rows": 1000000.00,
                          "Actual Loops": 1,
                          "Disabled": false,
                          "Shared Hit Blocks": 478,
                          "Shared Read Blocks": 6875,
                          "Shared Dirtied Blocks": 0,
                          "Shared Written Blocks": 0,
                          "Local Hit Blocks": 0,
                          "Local Read Blocks": 0,
                          "Local Dirtied Blocks": 0,
                          "Local Written Blocks": 0,
                          "Temp Read Blocks": 0,
                          "Temp Written Blocks": 0
                        }
                      ]
                    }
                  ]
                }
              ]
            }
          ]
        }
      ]
    },
    "Planning": {
      "Shared Hit Blocks": 14,
      "Shared Read Blocks": 0,
      "Shared Dirtied Blocks": 0,
      "Shared Written Blocks": 0,
      "Local Hit Blocks": 0,
      "Local Read Blocks": 0,
      "Local Dirtied Blocks": 0,
      "Local Written Blocks": 0,
      "Temp Read Blocks": 0,
      "Temp Written Blocks": 0
    },
    "Planning Time": 0.188,
    "Triggers": [
    ],
    "Execution Time": 695.730
  }
]
BENCH before 2
[
  {
    "Plan": {
      "Node Type": "Limit",
      "Parallel Aware": false,
      "Async Capable": false,
      "Startup Cost": 131354.41,
      "Total Cost": 131354.46,
      "Plan Rows": 20,
      "Plan Width": 38,
      "Actual Startup Time": 701.266,
      "Actual Total Time": 701.271,
      "Actual Rows": 20.00,
      "Actual Loops": 1,
      "Disabled": false,
      "Shared Hit Blocks": 2561,
      "Shared Read Blocks": 6781,
      "Shared Dirtied Blocks": 0,
      "Shared Written Blocks": 0,
      "Local Hit Blocks": 0,
      "Local Read Blocks": 0,
      "Local Dirtied Blocks": 0,
      "Local Written Blocks": 0,
      "Temp Read Blocks": 9959,
      "Temp Written Blocks": 12563,
      "Plans": [
        {
          "Node Type": "Sort",
          "Parent Relationship": "Outer",
          "Parallel Aware": false,
          "Async Capable": false,
          "Startup Cost": 131354.41,
          "Total Cost": 132603.23,
          "Plan Rows": 499528,
          "Plan Width": 38,
          "Actual Startup Time": 701.264,
          "Actual Total Time": 701.268,
          "Actual Rows": 20.00,
          "Actual Loops": 1,
          "Disabled": false,
          "Sort Key": ["(count(*)) DESC", "b.id"],
          "Sort Method": "top-N heapsort",
          "Sort Space Used": 27,
          "Sort Space Type": "Memory",
          "Shared Hit Blocks": 2561,
          "Shared Read Blocks": 6781,
          "Shared Dirtied Blocks": 0,
          "Shared Written Blocks": 0,
          "Local Hit Blocks": 0,
          "Local Read Blocks": 0,
          "Local Dirtied Blocks": 0,
          "Local Written Blocks": 0,
          "Temp Read Blocks": 9959,
          "Temp Written Blocks": 12563,
          "Plans": [
            {
              "Node Type": "Aggregate",
              "Strategy": "Hashed",
              "Partial Mode": "Simple",
              "Parent Relationship": "Outer",
              "Parallel Aware": false,
              "Async Capable": false,
              "Startup Cost": 106237.39,
              "Total Cost": 118062.15,
              "Plan Rows": 499528,
              "Plan Width": 38,
              "Actual Startup Time": 559.048,
              "Actual Total Time": 659.674,
              "Actual Rows": 492722.00,
              "Actual Loops": 1,
              "Disabled": false,
              "Group Key": ["b.id"],
              "Planned Partitions": 8,
              "HashAgg Batches": 9,
              "Peak Memory Usage": 8281,
              "Disk Usage": 23560,
              "Shared Hit Blocks": 2561,
              "Shared Read Blocks": 6781,
              "Shared Dirtied Blocks": 0,
              "Shared Written Blocks": 0,
              "Local Hit Blocks": 0,
              "Local Read Blocks": 0,
              "Local Dirtied Blocks": 0,
              "Local Written Blocks": 0,
              "Temp Read Blocks": 9959,
              "Temp Written Blocks": 12563,
              "Plans": [
                {
                  "Node Type": "Hash Join",
                  "Parent Relationship": "Outer",
                  "Parallel Aware": false,
                  "Async Capable": false,
                  "Join Type": "Inner",
                  "Startup Cost": 36689.43,
                  "Total Cost": 66431.25,
                  "Plan Rows": 499528,
                  "Plan Width": 30,
                  "Actual Startup Time": 177.523,
                  "Actual Total Time": 443.695,
                  "Actual Rows": 499998.00,
                  "Actual Loops": 1,
                  "Disabled": false,
                  "Inner Unique": true,
                  "Hash Cond": "(r.book_id = b.id)",
                  "Shared Hit Blocks": 2561,
                  "Shared Read Blocks": 6781,
                  "Shared Dirtied Blocks": 0,
                  "Shared Written Blocks": 0,
                  "Local Hit Blocks": 0,
                  "Local Read Blocks": 0,
                  "Local Dirtied Blocks": 0,
                  "Local Written Blocks": 0,
                  "Temp Read Blocks": 7441,
                  "Temp Written Blocks": 7441,
                  "Plans": [
                    {
                      "Node Type": "Index Only Scan",
                      "Parent Relationship": "Outer",
                      "Parallel Aware": false,
                      "Async Capable": false,
                      "Scan Direction": "Forward",
                      "Index Name": "reading_records_order_idx",
                      "Relation Name": "reading_records",
                      "Alias": "r",
                      "Startup Cost": 0.43,
                      "Total Cost": 17690.99,
                      "Plan Rows": 499528,
                      "Plan Width": 8,
                      "Actual Startup Time": 0.009,
                      "Actual Total Time": 35.059,
                      "Actual Rows": 499998.00,
                      "Actual Loops": 1,
                      "Disabled": false,
                      "Index Cond": "((finished_at >= '2026-09-14 00:00:00'::timestamp without time zone) AND (finished_at < '2026-09-21 00:00:00'::timestamp without time zone))",
                      "Rows Removed by Index Recheck": 0,
                      "Heap Fetches": 93,
                      "Index Searches": 1,
                      "Shared Hit Blocks": 1989,
                      "Shared Read Blocks": 0,
                      "Shared Dirtied Blocks": 0,
                      "Shared Written Blocks": 0,
                      "Local Hit Blocks": 0,
                      "Local Read Blocks": 0,
                      "Local Dirtied Blocks": 0,
                      "Local Written Blocks": 0,
                      "Temp Read Blocks": 0,
                      "Temp Written Blocks": 0
                    },
                    {
                      "Node Type": "Hash",
                      "Parent Relationship": "Inner",
                      "Parallel Aware": false,
                      "Async Capable": false,
                      "Startup Cost": 17353.00,
                      "Total Cost": 17353.00,
                      "Plan Rows": 1000000,
                      "Plan Width": 30,
                      "Actual Startup Time": 177.299,
                      "Actual Total Time": 177.300,
                      "Actual Rows": 1000000.00,
                      "Actual Loops": 1,
                      "Disabled": false,
                      "Hash Buckets": 131072,
                      "Original Hash Buckets": 131072,
                      "Hash Batches": 16,
                      "Original Hash Batches": 16,
                      "Peak Memory Usage": 4872,
                      "Shared Hit Blocks": 572,
                      "Shared Read Blocks": 6781,
                      "Shared Dirtied Blocks": 0,
                      "Shared Written Blocks": 0,
                      "Local Hit Blocks": 0,
                      "Local Read Blocks": 0,
                      "Local Dirtied Blocks": 0,
                      "Local Written Blocks": 0,
                      "Temp Read Blocks": 0,
                      "Temp Written Blocks": 5815,
                      "Plans": [
                        {
                          "Node Type": "Seq Scan",
                          "Parent Relationship": "Outer",
                          "Parallel Aware": false,
                          "Async Capable": false,
                          "Relation Name": "books",
                          "Alias": "b",
                          "Startup Cost": 0.00,
                          "Total Cost": 17353.00,
                          "Plan Rows": 1000000,
                          "Plan Width": 30,
                          "Actual Startup Time": 0.007,
                          "Actual Total Time": 57.929,
                          "Actual Rows": 1000000.00,
                          "Actual Loops": 1,
                          "Disabled": false,
                          "Shared Hit Blocks": 572,
                          "Shared Read Blocks": 6781,
                          "Shared Dirtied Blocks": 0,
                          "Shared Written Blocks": 0,
                          "Local Hit Blocks": 0,
                          "Local Read Blocks": 0,
                          "Local Dirtied Blocks": 0,
                          "Local Written Blocks": 0,
                          "Temp Read Blocks": 0,
                          "Temp Written Blocks": 0
                        }
                      ]
                    }
                  ]
                }
              ]
            }
          ]
        }
      ]
    },
    "Planning": {
      "Shared Hit Blocks": 14,
      "Shared Read Blocks": 0,
      "Shared Dirtied Blocks": 0,
      "Shared Written Blocks": 0,
      "Local Hit Blocks": 0,
      "Local Read Blocks": 0,
      "Local Dirtied Blocks": 0,
      "Local Written Blocks": 0,
      "Temp Read Blocks": 0,
      "Temp Written Blocks": 0
    },
    "Planning Time": 0.197,
    "Triggers": [
    ],
    "Execution Time": 703.906
  }
]
BENCH before 3
[
  {
    "Plan": {
      "Node Type": "Limit",
      "Parallel Aware": false,
      "Async Capable": false,
      "Startup Cost": 131354.41,
      "Total Cost": 131354.46,
      "Plan Rows": 20,
      "Plan Width": 38,
      "Actual Startup Time": 681.939,
      "Actual Total Time": 681.944,
      "Actual Rows": 20.00,
      "Actual Loops": 1,
      "Disabled": false,
      "Shared Hit Blocks": 2655,
      "Shared Read Blocks": 6687,
      "Shared Dirtied Blocks": 0,
      "Shared Written Blocks": 0,
      "Local Hit Blocks": 0,
      "Local Read Blocks": 0,
      "Local Dirtied Blocks": 0,
      "Local Written Blocks": 0,
      "Temp Read Blocks": 9959,
      "Temp Written Blocks": 12563,
      "Plans": [
        {
          "Node Type": "Sort",
          "Parent Relationship": "Outer",
          "Parallel Aware": false,
          "Async Capable": false,
          "Startup Cost": 131354.41,
          "Total Cost": 132603.23,
          "Plan Rows": 499528,
          "Plan Width": 38,
          "Actual Startup Time": 681.937,
          "Actual Total Time": 681.940,
          "Actual Rows": 20.00,
          "Actual Loops": 1,
          "Disabled": false,
          "Sort Key": ["(count(*)) DESC", "b.id"],
          "Sort Method": "top-N heapsort",
          "Sort Space Used": 27,
          "Sort Space Type": "Memory",
          "Shared Hit Blocks": 2655,
          "Shared Read Blocks": 6687,
          "Shared Dirtied Blocks": 0,
          "Shared Written Blocks": 0,
          "Local Hit Blocks": 0,
          "Local Read Blocks": 0,
          "Local Dirtied Blocks": 0,
          "Local Written Blocks": 0,
          "Temp Read Blocks": 9959,
          "Temp Written Blocks": 12563,
          "Plans": [
            {
              "Node Type": "Aggregate",
              "Strategy": "Hashed",
              "Partial Mode": "Simple",
              "Parent Relationship": "Outer",
              "Parallel Aware": false,
              "Async Capable": false,
              "Startup Cost": 106237.39,
              "Total Cost": 118062.15,
              "Plan Rows": 499528,
              "Plan Width": 38,
              "Actual Startup Time": 543.419,
              "Actual Total Time": 641.281,
              "Actual Rows": 492722.00,
              "Actual Loops": 1,
              "Disabled": false,
              "Group Key": ["b.id"],
              "Planned Partitions": 8,
              "HashAgg Batches": 9,
              "Peak Memory Usage": 8281,
              "Disk Usage": 23560,
              "Shared Hit Blocks": 2655,
              "Shared Read Blocks": 6687,
              "Shared Dirtied Blocks": 0,
              "Shared Written Blocks": 0,
              "Local Hit Blocks": 0,
              "Local Read Blocks": 0,
              "Local Dirtied Blocks": 0,
              "Local Written Blocks": 0,
              "Temp Read Blocks": 9959,
              "Temp Written Blocks": 12563,
              "Plans": [
                {
                  "Node Type": "Hash Join",
                  "Parent Relationship": "Outer",
                  "Parallel Aware": false,
                  "Async Capable": false,
                  "Join Type": "Inner",
                  "Startup Cost": 36689.43,
                  "Total Cost": 66431.25,
                  "Plan Rows": 499528,
                  "Plan Width": 30,
                  "Actual Startup Time": 168.134,
                  "Actual Total Time": 430.073,
                  "Actual Rows": 499998.00,
                  "Actual Loops": 1,
                  "Disabled": false,
                  "Inner Unique": true,
                  "Hash Cond": "(r.book_id = b.id)",
                  "Shared Hit Blocks": 2655,
                  "Shared Read Blocks": 6687,
                  "Shared Dirtied Blocks": 0,
                  "Shared Written Blocks": 0,
                  "Local Hit Blocks": 0,
                  "Local Read Blocks": 0,
                  "Local Dirtied Blocks": 0,
                  "Local Written Blocks": 0,
                  "Temp Read Blocks": 7441,
                  "Temp Written Blocks": 7441,
                  "Plans": [
                    {
                      "Node Type": "Index Only Scan",
                      "Parent Relationship": "Outer",
                      "Parallel Aware": false,
                      "Async Capable": false,
                      "Scan Direction": "Forward",
                      "Index Name": "reading_records_order_idx",
                      "Relation Name": "reading_records",
                      "Alias": "r",
                      "Startup Cost": 0.43,
                      "Total Cost": 17690.99,
                      "Plan Rows": 499528,
                      "Plan Width": 8,
                      "Actual Startup Time": 0.008,
                      "Actual Total Time": 36.761,
                      "Actual Rows": 499998.00,
                      "Actual Loops": 1,
                      "Disabled": false,
                      "Index Cond": "((finished_at >= '2026-09-14 00:00:00'::timestamp without time zone) AND (finished_at < '2026-09-21 00:00:00'::timestamp without time zone))",
                      "Rows Removed by Index Recheck": 0,
                      "Heap Fetches": 93,
                      "Index Searches": 1,
                      "Shared Hit Blocks": 1989,
                      "Shared Read Blocks": 0,
                      "Shared Dirtied Blocks": 0,
                      "Shared Written Blocks": 0,
                      "Local Hit Blocks": 0,
                      "Local Read Blocks": 0,
                      "Local Dirtied Blocks": 0,
                      "Local Written Blocks": 0,
                      "Temp Read Blocks": 0,
                      "Temp Written Blocks": 0
                    },
                    {
                      "Node Type": "Hash",
                      "Parent Relationship": "Inner",
                      "Parallel Aware": false,
                      "Async Capable": false,
                      "Startup Cost": 17353.00,
                      "Total Cost": 17353.00,
                      "Plan Rows": 1000000,
                      "Plan Width": 30,
                      "Actual Startup Time": 167.921,
                      "Actual Total Time": 167.922,
                      "Actual Rows": 1000000.00,
                      "Actual Loops": 1,
                      "Disabled": false,
                      "Hash Buckets": 131072,
                      "Original Hash Buckets": 131072,
                      "Hash Batches": 16,
                      "Original Hash Batches": 16,
                      "Peak Memory Usage": 4872,
                      "Shared Hit Blocks": 666,
                      "Shared Read Blocks": 6687,
                      "Shared Dirtied Blocks": 0,
                      "Shared Written Blocks": 0,
                      "Local Hit Blocks": 0,
                      "Local Read Blocks": 0,
                      "Local Dirtied Blocks": 0,
                      "Local Written Blocks": 0,
                      "Temp Read Blocks": 0,
                      "Temp Written Blocks": 5815,
                      "Plans": [
                        {
                          "Node Type": "Seq Scan",
                          "Parent Relationship": "Outer",
                          "Parallel Aware": false,
                          "Async Capable": false,
                          "Relation Name": "books",
                          "Alias": "b",
                          "Startup Cost": 0.00,
                          "Total Cost": 17353.00,
                          "Plan Rows": 1000000,
                          "Plan Width": 30,
                          "Actual Startup Time": 0.014,
                          "Actual Total Time": 56.460,
                          "Actual Rows": 1000000.00,
                          "Actual Loops": 1,
                          "Disabled": false,
                          "Shared Hit Blocks": 666,
                          "Shared Read Blocks": 6687,
                          "Shared Dirtied Blocks": 0,
                          "Shared Written Blocks": 0,
                          "Local Hit Blocks": 0,
                          "Local Read Blocks": 0,
                          "Local Dirtied Blocks": 0,
                          "Local Written Blocks": 0,
                          "Temp Read Blocks": 0,
                          "Temp Written Blocks": 0
                        }
                      ]
                    }
                  ]
                }
              ]
            }
          ]
        }
      ]
    },
    "Planning": {
      "Shared Hit Blocks": 14,
      "Shared Read Blocks": 0,
      "Shared Dirtied Blocks": 0,
      "Shared Written Blocks": 0,
      "Local Hit Blocks": 0,
      "Local Read Blocks": 0,
      "Local Dirtied Blocks": 0,
      "Local Written Blocks": 0,
      "Temp Read Blocks": 0,
      "Temp Written Blocks": 0
    },
    "Planning Time": 0.199,
    "Triggers": [
    ],
    "Execution Time": 684.870
  }
]
BENCH after 1
[
  {
    "Plan": {
      "Node Type": "Nested Loop",
      "Parallel Aware": false,
      "Async Capable": false,
      "Join Type": "Inner",
      "Startup Cost": 65696.18,
      "Total Cost": 65864.86,
      "Plan Rows": 20,
      "Plan Width": 38,
      "Actual Startup Time": 238.393,
      "Actual Total Time": 238.437,
      "Actual Rows": 20.00,
      "Actual Loops": 1,
      "Disabled": false,
      "Inner Unique": true,
      "Shared Hit Blocks": 2069,
      "Shared Read Blocks": 0,
      "Shared Dirtied Blocks": 0,
      "Shared Written Blocks": 0,
      "Local Hit Blocks": 0,
      "Local Read Blocks": 0,
      "Local Dirtied Blocks": 0,
      "Local Written Blocks": 0,
      "Temp Read Blocks": 1345,
      "Temp Written Blocks": 3060,
      "Plans": [
        {
          "Node Type": "Limit",
          "Parent Relationship": "Outer",
          "Parallel Aware": false,
          "Async Capable": false,
          "Startup Cost": 65695.76,
          "Total Cost": 65695.81,
          "Plan Rows": 20,
          "Plan Width": 16,
          "Actual Startup Time": 238.360,
          "Actual Total Time": 238.363,
          "Actual Rows": 20.00,
          "Actual Loops": 1,
          "Disabled": false,
          "Shared Hit Blocks": 1989,
          "Shared Read Blocks": 0,
          "Shared Dirtied Blocks": 0,
          "Shared Written Blocks": 0,
          "Local Hit Blocks": 0,
          "Local Read Blocks": 0,
          "Local Dirtied Blocks": 0,
          "Local Written Blocks": 0,
          "Temp Read Blocks": 1345,
          "Temp Written Blocks": 3060,
          "Plans": [
            {
              "Node Type": "Sort",
              "Parent Relationship": "Outer",
              "Parallel Aware": false,
              "Async Capable": false,
              "Startup Cost": 65695.76,
              "Total Cost": 66788.62,
              "Plan Rows": 437146,
              "Plan Width": 16,
              "Actual Startup Time": 238.359,
              "Actual Total Time": 238.361,
              "Actual Rows": 20.00,
              "Actual Loops": 1,
              "Disabled": false,
              "Sort Key": ["(count(*)) DESC", "reading_records.book_id"],
              "Sort Method": "top-N heapsort",
              "Sort Space Used": 26,
              "Sort Space Type": "Memory",
              "Shared Hit Blocks": 1989,
              "Shared Read Blocks": 0,
              "Shared Dirtied Blocks": 0,
              "Shared Written Blocks": 0,
              "Local Hit Blocks": 0,
              "Local Read Blocks": 0,
              "Local Dirtied Blocks": 0,
              "Local Written Blocks": 0,
              "Temp Read Blocks": 1345,
              "Temp Written Blocks": 3060,
              "Plans": [
                {
                  "Node Type": "Aggregate",
                  "Strategy": "Hashed",
                  "Partial Mode": "Simple",
                  "Parent Relationship": "Outer",
                  "Parallel Aware": false,
                  "Async Capable": false,
                  "Startup Cost": 45789.44,
                  "Total Cost": 54063.46,
                  "Plan Rows": 437146,
                  "Plan Width": 16,
                  "Actual Startup Time": 122.448,
                  "Actual Total Time": 208.259,
                  "Actual Rows": 492722.00,
                  "Actual Loops": 1,
                  "Disabled": false,
                  "Group Key": ["reading_records.book_id"],
                  "Planned Partitions": 8,
                  "HashAgg Batches": 9,
                  "Peak Memory Usage": 8281,
                  "Disk Usage": 15224,
                  "Shared Hit Blocks": 1989,
                  "Shared Read Blocks": 0,
                  "Shared Dirtied Blocks": 0,
                  "Shared Written Blocks": 0,
                  "Local Hit Blocks": 0,
                  "Local Read Blocks": 0,
                  "Local Dirtied Blocks": 0,
                  "Local Written Blocks": 0,
                  "Temp Read Blocks": 1345,
                  "Temp Written Blocks": 3060,
                  "Plans": [
                    {
                      "Node Type": "Index Only Scan",
                      "Parent Relationship": "Outer",
                      "Parallel Aware": false,
                      "Async Capable": false,
                      "Scan Direction": "Forward",
                      "Index Name": "reading_records_order_idx",
                      "Relation Name": "reading_records",
                      "Alias": "reading_records",
                      "Startup Cost": 0.43,
                      "Total Cost": 17690.99,
                      "Plan Rows": 499528,
                      "Plan Width": 8,
                      "Actual Startup Time": 0.008,
                      "Actual Total Time": 33.030,
                      "Actual Rows": 499998.00,
                      "Actual Loops": 1,
                      "Disabled": false,
                      "Index Cond": "((finished_at >= '2026-09-14 00:00:00'::timestamp without time zone) AND (finished_at < '2026-09-21 00:00:00'::timestamp without time zone))",
                      "Rows Removed by Index Recheck": 0,
                      "Heap Fetches": 93,
                      "Index Searches": 1,
                      "Shared Hit Blocks": 1989,
                      "Shared Read Blocks": 0,
                      "Shared Dirtied Blocks": 0,
                      "Shared Written Blocks": 0,
                      "Local Hit Blocks": 0,
                      "Local Read Blocks": 0,
                      "Local Dirtied Blocks": 0,
                      "Local Written Blocks": 0,
                      "Temp Read Blocks": 0,
                      "Temp Written Blocks": 0
                    }
                  ]
                }
              ]
            }
          ]
        },
        {
          "Node Type": "Index Scan",
          "Parent Relationship": "Inner",
          "Parallel Aware": false,
          "Async Capable": false,
          "Scan Direction": "Forward",
          "Index Name": "books_pkey",
          "Relation Name": "books",
          "Alias": "b",
          "Startup Cost": 0.42,
          "Total Cost": 8.44,
          "Plan Rows": 1,
          "Plan Width": 30,
          "Actual Startup Time": 0.003,
          "Actual Total Time": 0.003,
          "Actual Rows": 1.00,
          "Actual Loops": 20,
          "Disabled": false,
          "Index Cond": "(id = reading_records.book_id)",
          "Rows Removed by Index Recheck": 0,
          "Index Searches": 20,
          "Shared Hit Blocks": 80,
          "Shared Read Blocks": 0,
          "Shared Dirtied Blocks": 0,
          "Shared Written Blocks": 0,
          "Local Hit Blocks": 0,
          "Local Read Blocks": 0,
          "Local Dirtied Blocks": 0,
          "Local Written Blocks": 0,
          "Temp Read Blocks": 0,
          "Temp Written Blocks": 0
        }
      ]
    },
    "Planning": {
      "Shared Hit Blocks": 4,
      "Shared Read Blocks": 0,
      "Shared Dirtied Blocks": 0,
      "Shared Written Blocks": 0,
      "Local Hit Blocks": 0,
      "Local Read Blocks": 0,
      "Local Dirtied Blocks": 0,
      "Local Written Blocks": 0,
      "Temp Read Blocks": 0,
      "Temp Written Blocks": 0
    },
    "Planning Time": 0.160,
    "Triggers": [
    ],
    "Execution Time": 240.353
  }
]
BENCH after 2
[
  {
    "Plan": {
      "Node Type": "Nested Loop",
      "Parallel Aware": false,
      "Async Capable": false,
      "Join Type": "Inner",
      "Startup Cost": 65696.18,
      "Total Cost": 65864.86,
      "Plan Rows": 20,
      "Plan Width": 38,
      "Actual Startup Time": 241.222,
      "Actual Total Time": 241.268,
      "Actual Rows": 20.00,
      "Actual Loops": 1,
      "Disabled": false,
      "Inner Unique": true,
      "Shared Hit Blocks": 2069,
      "Shared Read Blocks": 0,
      "Shared Dirtied Blocks": 0,
      "Shared Written Blocks": 0,
      "Local Hit Blocks": 0,
      "Local Read Blocks": 0,
      "Local Dirtied Blocks": 0,
      "Local Written Blocks": 0,
      "Temp Read Blocks": 1345,
      "Temp Written Blocks": 3060,
      "Plans": [
        {
          "Node Type": "Limit",
          "Parent Relationship": "Outer",
          "Parallel Aware": false,
          "Async Capable": false,
          "Startup Cost": 65695.76,
          "Total Cost": 65695.81,
          "Plan Rows": 20,
          "Plan Width": 16,
          "Actual Startup Time": 241.184,
          "Actual Total Time": 241.187,
          "Actual Rows": 20.00,
          "Actual Loops": 1,
          "Disabled": false,
          "Shared Hit Blocks": 1989,
          "Shared Read Blocks": 0,
          "Shared Dirtied Blocks": 0,
          "Shared Written Blocks": 0,
          "Local Hit Blocks": 0,
          "Local Read Blocks": 0,
          "Local Dirtied Blocks": 0,
          "Local Written Blocks": 0,
          "Temp Read Blocks": 1345,
          "Temp Written Blocks": 3060,
          "Plans": [
            {
              "Node Type": "Sort",
              "Parent Relationship": "Outer",
              "Parallel Aware": false,
              "Async Capable": false,
              "Startup Cost": 65695.76,
              "Total Cost": 66788.62,
              "Plan Rows": 437146,
              "Plan Width": 16,
              "Actual Startup Time": 241.182,
              "Actual Total Time": 241.184,
              "Actual Rows": 20.00,
              "Actual Loops": 1,
              "Disabled": false,
              "Sort Key": ["(count(*)) DESC", "reading_records.book_id"],
              "Sort Method": "top-N heapsort",
              "Sort Space Used": 26,
              "Sort Space Type": "Memory",
              "Shared Hit Blocks": 1989,
              "Shared Read Blocks": 0,
              "Shared Dirtied Blocks": 0,
              "Shared Written Blocks": 0,
              "Local Hit Blocks": 0,
              "Local Read Blocks": 0,
              "Local Dirtied Blocks": 0,
              "Local Written Blocks": 0,
              "Temp Read Blocks": 1345,
              "Temp Written Blocks": 3060,
              "Plans": [
                {
                  "Node Type": "Aggregate",
                  "Strategy": "Hashed",
                  "Partial Mode": "Simple",
                  "Parent Relationship": "Outer",
                  "Parallel Aware": false,
                  "Async Capable": false,
                  "Startup Cost": 45789.44,
                  "Total Cost": 54063.46,
                  "Plan Rows": 437146,
                  "Plan Width": 16,
                  "Actual Startup Time": 122.256,
                  "Actual Total Time": 211.450,
                  "Actual Rows": 492722.00,
                  "Actual Loops": 1,
                  "Disabled": false,
                  "Group Key": ["reading_records.book_id"],
                  "Planned Partitions": 8,
                  "HashAgg Batches": 9,
                  "Peak Memory Usage": 8281,
                  "Disk Usage": 15224,
                  "Shared Hit Blocks": 1989,
                  "Shared Read Blocks": 0,
                  "Shared Dirtied Blocks": 0,
                  "Shared Written Blocks": 0,
                  "Local Hit Blocks": 0,
                  "Local Read Blocks": 0,
                  "Local Dirtied Blocks": 0,
                  "Local Written Blocks": 0,
                  "Temp Read Blocks": 1345,
                  "Temp Written Blocks": 3060,
                  "Plans": [
                    {
                      "Node Type": "Index Only Scan",
                      "Parent Relationship": "Outer",
                      "Parallel Aware": false,
                      "Async Capable": false,
                      "Scan Direction": "Forward",
                      "Index Name": "reading_records_order_idx",
                      "Relation Name": "reading_records",
                      "Alias": "reading_records",
                      "Startup Cost": 0.43,
                      "Total Cost": 17690.99,
                      "Plan Rows": 499528,
                      "Plan Width": 8,
                      "Actual Startup Time": 0.007,
                      "Actual Total Time": 32.802,
                      "Actual Rows": 499998.00,
                      "Actual Loops": 1,
                      "Disabled": false,
                      "Index Cond": "((finished_at >= '2026-09-14 00:00:00'::timestamp without time zone) AND (finished_at < '2026-09-21 00:00:00'::timestamp without time zone))",
                      "Rows Removed by Index Recheck": 0,
                      "Heap Fetches": 93,
                      "Index Searches": 1,
                      "Shared Hit Blocks": 1989,
                      "Shared Read Blocks": 0,
                      "Shared Dirtied Blocks": 0,
                      "Shared Written Blocks": 0,
                      "Local Hit Blocks": 0,
                      "Local Read Blocks": 0,
                      "Local Dirtied Blocks": 0,
                      "Local Written Blocks": 0,
                      "Temp Read Blocks": 0,
                      "Temp Written Blocks": 0
                    }
                  ]
                }
              ]
            }
          ]
        },
        {
          "Node Type": "Index Scan",
          "Parent Relationship": "Inner",
          "Parallel Aware": false,
          "Async Capable": false,
          "Scan Direction": "Forward",
          "Index Name": "books_pkey",
          "Relation Name": "books",
          "Alias": "b",
          "Startup Cost": 0.42,
          "Total Cost": 8.44,
          "Plan Rows": 1,
          "Plan Width": 30,
          "Actual Startup Time": 0.003,
          "Actual Total Time": 0.003,
          "Actual Rows": 1.00,
          "Actual Loops": 20,
          "Disabled": false,
          "Index Cond": "(id = reading_records.book_id)",
          "Rows Removed by Index Recheck": 0,
          "Index Searches": 20,
          "Shared Hit Blocks": 80,
          "Shared Read Blocks": 0,
          "Shared Dirtied Blocks": 0,
          "Shared Written Blocks": 0,
          "Local Hit Blocks": 0,
          "Local Read Blocks": 0,
          "Local Dirtied Blocks": 0,
          "Local Written Blocks": 0,
          "Temp Read Blocks": 0,
          "Temp Written Blocks": 0
        }
      ]
    },
    "Planning": {
      "Shared Hit Blocks": 4,
      "Shared Read Blocks": 0,
      "Shared Dirtied Blocks": 0,
      "Shared Written Blocks": 0,
      "Local Hit Blocks": 0,
      "Local Read Blocks": 0,
      "Local Dirtied Blocks": 0,
      "Local Written Blocks": 0,
      "Temp Read Blocks": 0,
      "Temp Written Blocks": 0
    },
    "Planning Time": 0.144,
    "Triggers": [
    ],
    "Execution Time": 242.852
  }
]
BENCH after 3
[
  {
    "Plan": {
      "Node Type": "Nested Loop",
      "Parallel Aware": false,
      "Async Capable": false,
      "Join Type": "Inner",
      "Startup Cost": 65696.18,
      "Total Cost": 65864.86,
      "Plan Rows": 20,
      "Plan Width": 38,
      "Actual Startup Time": 254.340,
      "Actual Total Time": 254.382,
      "Actual Rows": 20.00,
      "Actual Loops": 1,
      "Disabled": false,
      "Inner Unique": true,
      "Shared Hit Blocks": 2069,
      "Shared Read Blocks": 0,
      "Shared Dirtied Blocks": 0,
      "Shared Written Blocks": 0,
      "Local Hit Blocks": 0,
      "Local Read Blocks": 0,
      "Local Dirtied Blocks": 0,
      "Local Written Blocks": 0,
      "Temp Read Blocks": 1345,
      "Temp Written Blocks": 3060,
      "Plans": [
        {
          "Node Type": "Limit",
          "Parent Relationship": "Outer",
          "Parallel Aware": false,
          "Async Capable": false,
          "Startup Cost": 65695.76,
          "Total Cost": 65695.81,
          "Plan Rows": 20,
          "Plan Width": 16,
          "Actual Startup Time": 254.303,
          "Actual Total Time": 254.306,
          "Actual Rows": 20.00,
          "Actual Loops": 1,
          "Disabled": false,
          "Shared Hit Blocks": 1989,
          "Shared Read Blocks": 0,
          "Shared Dirtied Blocks": 0,
          "Shared Written Blocks": 0,
          "Local Hit Blocks": 0,
          "Local Read Blocks": 0,
          "Local Dirtied Blocks": 0,
          "Local Written Blocks": 0,
          "Temp Read Blocks": 1345,
          "Temp Written Blocks": 3060,
          "Plans": [
            {
              "Node Type": "Sort",
              "Parent Relationship": "Outer",
              "Parallel Aware": false,
              "Async Capable": false,
              "Startup Cost": 65695.76,
              "Total Cost": 66788.62,
              "Plan Rows": 437146,
              "Plan Width": 16,
              "Actual Startup Time": 254.301,
              "Actual Total Time": 254.303,
              "Actual Rows": 20.00,
              "Actual Loops": 1,
              "Disabled": false,
              "Sort Key": ["(count(*)) DESC", "reading_records.book_id"],
              "Sort Method": "top-N heapsort",
              "Sort Space Used": 26,
              "Sort Space Type": "Memory",
              "Shared Hit Blocks": 1989,
              "Shared Read Blocks": 0,
              "Shared Dirtied Blocks": 0,
              "Shared Written Blocks": 0,
              "Local Hit Blocks": 0,
              "Local Read Blocks": 0,
              "Local Dirtied Blocks": 0,
              "Local Written Blocks": 0,
              "Temp Read Blocks": 1345,
              "Temp Written Blocks": 3060,
              "Plans": [
                {
                  "Node Type": "Aggregate",
                  "Strategy": "Hashed",
                  "Partial Mode": "Simple",
                  "Parent Relationship": "Outer",
                  "Parallel Aware": false,
                  "Async Capable": false,
                  "Startup Cost": 45789.44,
                  "Total Cost": 54063.46,
                  "Plan Rows": 437146,
                  "Plan Width": 16,
                  "Actual Startup Time": 138.255,
                  "Actual Total Time": 224.316,
                  "Actual Rows": 492722.00,
                  "Actual Loops": 1,
                  "Disabled": false,
                  "Group Key": ["reading_records.book_id"],
                  "Planned Partitions": 8,
                  "HashAgg Batches": 9,
                  "Peak Memory Usage": 8281,
                  "Disk Usage": 15224,
                  "Shared Hit Blocks": 1989,
                  "Shared Read Blocks": 0,
                  "Shared Dirtied Blocks": 0,
                  "Shared Written Blocks": 0,
                  "Local Hit Blocks": 0,
                  "Local Read Blocks": 0,
                  "Local Dirtied Blocks": 0,
                  "Local Written Blocks": 0,
                  "Temp Read Blocks": 1345,
                  "Temp Written Blocks": 3060,
                  "Plans": [
                    {
                      "Node Type": "Index Only Scan",
                      "Parent Relationship": "Outer",
                      "Parallel Aware": false,
                      "Async Capable": false,
                      "Scan Direction": "Forward",
                      "Index Name": "reading_records_order_idx",
                      "Relation Name": "reading_records",
                      "Alias": "reading_records",
                      "Startup Cost": 0.43,
                      "Total Cost": 17690.99,
                      "Plan Rows": 499528,
                      "Plan Width": 8,
                      "Actual Startup Time": 0.007,
                      "Actual Total Time": 34.558,
                      "Actual Rows": 499998.00,
                      "Actual Loops": 1,
                      "Disabled": false,
                      "Index Cond": "((finished_at >= '2026-09-14 00:00:00'::timestamp without time zone) AND (finished_at < '2026-09-21 00:00:00'::timestamp without time zone))",
                      "Rows Removed by Index Recheck": 0,
                      "Heap Fetches": 93,
                      "Index Searches": 1,
                      "Shared Hit Blocks": 1989,
                      "Shared Read Blocks": 0,
                      "Shared Dirtied Blocks": 0,
                      "Shared Written Blocks": 0,
                      "Local Hit Blocks": 0,
                      "Local Read Blocks": 0,
                      "Local Dirtied Blocks": 0,
                      "Local Written Blocks": 0,
                      "Temp Read Blocks": 0,
                      "Temp Written Blocks": 0
                    }
                  ]
                }
              ]
            }
          ]
        },
        {
          "Node Type": "Index Scan",
          "Parent Relationship": "Inner",
          "Parallel Aware": false,
          "Async Capable": false,
          "Scan Direction": "Forward",
          "Index Name": "books_pkey",
          "Relation Name": "books",
          "Alias": "b",
          "Startup Cost": 0.42,
          "Total Cost": 8.44,
          "Plan Rows": 1,
          "Plan Width": 30,
          "Actual Startup Time": 0.003,
          "Actual Total Time": 0.003,
          "Actual Rows": 1.00,
          "Actual Loops": 20,
          "Disabled": false,
          "Index Cond": "(id = reading_records.book_id)",
          "Rows Removed by Index Recheck": 0,
          "Index Searches": 20,
          "Shared Hit Blocks": 80,
          "Shared Read Blocks": 0,
          "Shared Dirtied Blocks": 0,
          "Shared Written Blocks": 0,
          "Local Hit Blocks": 0,
          "Local Read Blocks": 0,
          "Local Dirtied Blocks": 0,
          "Local Written Blocks": 0,
          "Temp Read Blocks": 0,
          "Temp Written Blocks": 0
        }
      ]
    },
    "Planning": {
      "Shared Hit Blocks": 4,
      "Shared Read Blocks": 0,
      "Shared Dirtied Blocks": 0,
      "Shared Written Blocks": 0,
      "Local Hit Blocks": 0,
      "Local Read Blocks": 0,
      "Local Dirtied Blocks": 0,
      "Local Written Blocks": 0,
      "Temp Read Blocks": 0,
      "Temp Written Blocks": 0
    },
    "Planning Time": 0.142,
    "Triggers": [
    ],
    "Execution Time": 256.120
  }
]
BENCH preaggregated 1
[
  {
    "Plan": {
      "Node Type": "Limit",
      "Parallel Aware": false,
      "Async Capable": false,
      "Startup Cost": 0.85,
      "Total Cost": 11.95,
      "Plan Rows": 20,
      "Plan Width": 46,
      "Actual Startup Time": 0.081,
      "Actual Total Time": 0.109,
      "Actual Rows": 20.00,
      "Actual Loops": 1,
      "Disabled": false,
      "Shared Hit Blocks": 81,
      "Shared Read Blocks": 3,
      "Shared Dirtied Blocks": 0,
      "Shared Written Blocks": 0,
      "Local Hit Blocks": 0,
      "Local Read Blocks": 0,
      "Local Dirtied Blocks": 0,
      "Local Written Blocks": 0,
      "Temp Read Blocks": 0,
      "Temp Written Blocks": 0,
      "Plans": [
        {
          "Node Type": "Nested Loop",
          "Parent Relationship": "Outer",
          "Parallel Aware": false,
          "Async Capable": false,
          "Join Type": "Inner",
          "Startup Cost": 0.85,
          "Total Cost": 273473.13,
          "Plan Rows": 492722,
          "Plan Width": 46,
          "Actual Startup Time": 0.080,
          "Actual Total Time": 0.107,
          "Actual Rows": 20.00,
          "Actual Loops": 1,
          "Disabled": false,
          "Inner Unique": true,
          "Shared Hit Blocks": 81,
          "Shared Read Blocks": 3,
          "Shared Dirtied Blocks": 0,
          "Shared Written Blocks": 0,
          "Local Hit Blocks": 0,
          "Local Read Blocks": 0,
          "Local Dirtied Blocks": 0,
          "Local Written Blocks": 0,
          "Temp Read Blocks": 0,
          "Temp Written Blocks": 0,
          "Plans": [
            {
              "Node Type": "Index Only Scan",
              "Parent Relationship": "Outer",
              "Parallel Aware": false,
              "Async Capable": false,
              "Scan Direction": "Forward",
              "Index Name": "weekly_read_counts_order_idx",
              "Relation Name": "weekly_read_counts",
              "Alias": "w",
              "Startup Cost": 0.42,
              "Total Cost": 15051.64,
              "Plan Rows": 492722,
              "Plan Width": 16,
              "Actual Startup Time": 0.074,
              "Actual Total Time": 0.076,
              "Actual Rows": 20.00,
              "Actual Loops": 1,
              "Disabled": false,
              "Heap Fetches": 0,
              "Index Searches": 1,
              "Shared Hit Blocks": 1,
              "Shared Read Blocks": 3,
              "Shared Dirtied Blocks": 0,
              "Shared Written Blocks": 0,
              "Local Hit Blocks": 0,
              "Local Read Blocks": 0,
              "Local Dirtied Blocks": 0,
              "Local Written Blocks": 0,
              "Temp Read Blocks": 0,
              "Temp Written Blocks": 0
            },
            {
              "Node Type": "Index Scan",
              "Parent Relationship": "Inner",
              "Parallel Aware": false,
              "Async Capable": false,
              "Scan Direction": "Forward",
              "Index Name": "books_pkey",
              "Relation Name": "books",
              "Alias": "b",
              "Startup Cost": 0.42,
              "Total Cost": 0.52,
              "Plan Rows": 1,
              "Plan Width": 30,
              "Actual Startup Time": 0.001,
              "Actual Total Time": 0.001,
              "Actual Rows": 1.00,
              "Actual Loops": 20,
              "Disabled": false,
              "Index Cond": "(id = w.book_id)",
              "Rows Removed by Index Recheck": 0,
              "Index Searches": 20,
              "Shared Hit Blocks": 80,
              "Shared Read Blocks": 0,
              "Shared Dirtied Blocks": 0,
              "Shared Written Blocks": 0,
              "Local Hit Blocks": 0,
              "Local Read Blocks": 0,
              "Local Dirtied Blocks": 0,
              "Local Written Blocks": 0,
              "Temp Read Blocks": 0,
              "Temp Written Blocks": 0
            }
          ]
        }
      ]
    },
    "Planning": {
      "Shared Hit Blocks": 37,
      "Shared Read Blocks": 0,
      "Shared Dirtied Blocks": 0,
      "Shared Written Blocks": 0,
      "Local Hit Blocks": 0,
      "Local Read Blocks": 0,
      "Local Dirtied Blocks": 0,
      "Local Written Blocks": 0,
      "Temp Read Blocks": 0,
      "Temp Written Blocks": 0
    },
    "Planning Time": 0.210,
    "Triggers": [
    ],
    "Execution Time": 0.120
  }
]
BENCH preaggregated 2
[
  {
    "Plan": {
      "Node Type": "Limit",
      "Parallel Aware": false,
      "Async Capable": false,
      "Startup Cost": 0.85,
      "Total Cost": 11.95,
      "Plan Rows": 20,
      "Plan Width": 46,
      "Actual Startup Time": 0.007,
      "Actual Total Time": 0.029,
      "Actual Rows": 20.00,
      "Actual Loops": 1,
      "Disabled": false,
      "Shared Hit Blocks": 84,
      "Shared Read Blocks": 0,
      "Shared Dirtied Blocks": 0,
      "Shared Written Blocks": 0,
      "Local Hit Blocks": 0,
      "Local Read Blocks": 0,
      "Local Dirtied Blocks": 0,
      "Local Written Blocks": 0,
      "Temp Read Blocks": 0,
      "Temp Written Blocks": 0,
      "Plans": [
        {
          "Node Type": "Nested Loop",
          "Parent Relationship": "Outer",
          "Parallel Aware": false,
          "Async Capable": false,
          "Join Type": "Inner",
          "Startup Cost": 0.85,
          "Total Cost": 273473.13,
          "Plan Rows": 492722,
          "Plan Width": 46,
          "Actual Startup Time": 0.006,
          "Actual Total Time": 0.028,
          "Actual Rows": 20.00,
          "Actual Loops": 1,
          "Disabled": false,
          "Inner Unique": true,
          "Shared Hit Blocks": 84,
          "Shared Read Blocks": 0,
          "Shared Dirtied Blocks": 0,
          "Shared Written Blocks": 0,
          "Local Hit Blocks": 0,
          "Local Read Blocks": 0,
          "Local Dirtied Blocks": 0,
          "Local Written Blocks": 0,
          "Temp Read Blocks": 0,
          "Temp Written Blocks": 0,
          "Plans": [
            {
              "Node Type": "Index Only Scan",
              "Parent Relationship": "Outer",
              "Parallel Aware": false,
              "Async Capable": false,
              "Scan Direction": "Forward",
              "Index Name": "weekly_read_counts_order_idx",
              "Relation Name": "weekly_read_counts",
              "Alias": "w",
              "Startup Cost": 0.42,
              "Total Cost": 15051.64,
              "Plan Rows": 492722,
              "Plan Width": 16,
              "Actual Startup Time": 0.004,
              "Actual Total Time": 0.005,
              "Actual Rows": 20.00,
              "Actual Loops": 1,
              "Disabled": false,
              "Heap Fetches": 0,
              "Index Searches": 1,
              "Shared Hit Blocks": 4,
              "Shared Read Blocks": 0,
              "Shared Dirtied Blocks": 0,
              "Shared Written Blocks": 0,
              "Local Hit Blocks": 0,
              "Local Read Blocks": 0,
              "Local Dirtied Blocks": 0,
              "Local Written Blocks": 0,
              "Temp Read Blocks": 0,
              "Temp Written Blocks": 0
            },
            {
              "Node Type": "Index Scan",
              "Parent Relationship": "Inner",
              "Parallel Aware": false,
              "Async Capable": false,
              "Scan Direction": "Forward",
              "Index Name": "books_pkey",
              "Relation Name": "books",
              "Alias": "b",
              "Startup Cost": 0.42,
              "Total Cost": 0.52,
              "Plan Rows": 1,
              "Plan Width": 30,
              "Actual Startup Time": 0.001,
              "Actual Total Time": 0.001,
              "Actual Rows": 1.00,
              "Actual Loops": 20,
              "Disabled": false,
              "Index Cond": "(id = w.book_id)",
              "Rows Removed by Index Recheck": 0,
              "Index Searches": 20,
              "Shared Hit Blocks": 80,
              "Shared Read Blocks": 0,
              "Shared Dirtied Blocks": 0,
              "Shared Written Blocks": 0,
              "Local Hit Blocks": 0,
              "Local Read Blocks": 0,
              "Local Dirtied Blocks": 0,
              "Local Written Blocks": 0,
              "Temp Read Blocks": 0,
              "Temp Written Blocks": 0
            }
          ]
        }
      ]
    },
    "Planning": {
      "Shared Hit Blocks": 10,
      "Shared Read Blocks": 0,
      "Shared Dirtied Blocks": 0,
      "Shared Written Blocks": 0,
      "Local Hit Blocks": 0,
      "Local Read Blocks": 0,
      "Local Dirtied Blocks": 0,
      "Local Written Blocks": 0,
      "Temp Read Blocks": 0,
      "Temp Written Blocks": 0
    },
    "Planning Time": 0.138,
    "Triggers": [
    ],
    "Execution Time": 0.038
  }
]
BENCH preaggregated 3
[
  {
    "Plan": {
      "Node Type": "Limit",
      "Parallel Aware": false,
      "Async Capable": false,
      "Startup Cost": 0.85,
      "Total Cost": 11.95,
      "Plan Rows": 20,
      "Plan Width": 46,
      "Actual Startup Time": 0.006,
      "Actual Total Time": 0.028,
      "Actual Rows": 20.00,
      "Actual Loops": 1,
      "Disabled": false,
      "Shared Hit Blocks": 84,
      "Shared Read Blocks": 0,
      "Shared Dirtied Blocks": 0,
      "Shared Written Blocks": 0,
      "Local Hit Blocks": 0,
      "Local Read Blocks": 0,
      "Local Dirtied Blocks": 0,
      "Local Written Blocks": 0,
      "Temp Read Blocks": 0,
      "Temp Written Blocks": 0,
      "Plans": [
        {
          "Node Type": "Nested Loop",
          "Parent Relationship": "Outer",
          "Parallel Aware": false,
          "Async Capable": false,
          "Join Type": "Inner",
          "Startup Cost": 0.85,
          "Total Cost": 273473.13,
          "Plan Rows": 492722,
          "Plan Width": 46,
          "Actual Startup Time": 0.006,
          "Actual Total Time": 0.026,
          "Actual Rows": 20.00,
          "Actual Loops": 1,
          "Disabled": false,
          "Inner Unique": true,
          "Shared Hit Blocks": 84,
          "Shared Read Blocks": 0,
          "Shared Dirtied Blocks": 0,
          "Shared Written Blocks": 0,
          "Local Hit Blocks": 0,
          "Local Read Blocks": 0,
          "Local Dirtied Blocks": 0,
          "Local Written Blocks": 0,
          "Temp Read Blocks": 0,
          "Temp Written Blocks": 0,
          "Plans": [
            {
              "Node Type": "Index Only Scan",
              "Parent Relationship": "Outer",
              "Parallel Aware": false,
              "Async Capable": false,
              "Scan Direction": "Forward",
              "Index Name": "weekly_read_counts_order_idx",
              "Relation Name": "weekly_read_counts",
              "Alias": "w",
              "Startup Cost": 0.42,
              "Total Cost": 15051.64,
              "Plan Rows": 492722,
              "Plan Width": 16,
              "Actual Startup Time": 0.004,
              "Actual Total Time": 0.005,
              "Actual Rows": 20.00,
              "Actual Loops": 1,
              "Disabled": false,
              "Heap Fetches": 0,
              "Index Searches": 1,
              "Shared Hit Blocks": 4,
              "Shared Read Blocks": 0,
              "Shared Dirtied Blocks": 0,
              "Shared Written Blocks": 0,
              "Local Hit Blocks": 0,
              "Local Read Blocks": 0,
              "Local Dirtied Blocks": 0,
              "Local Written Blocks": 0,
              "Temp Read Blocks": 0,
              "Temp Written Blocks": 0
            },
            {
              "Node Type": "Index Scan",
              "Parent Relationship": "Inner",
              "Parallel Aware": false,
              "Async Capable": false,
              "Scan Direction": "Forward",
              "Index Name": "books_pkey",
              "Relation Name": "books",
              "Alias": "b",
              "Startup Cost": 0.42,
              "Total Cost": 0.52,
              "Plan Rows": 1,
              "Plan Width": 30,
              "Actual Startup Time": 0.001,
              "Actual Total Time": 0.001,
              "Actual Rows": 1.00,
              "Actual Loops": 20,
              "Disabled": false,
              "Index Cond": "(id = w.book_id)",
              "Rows Removed by Index Recheck": 0,
              "Index Searches": 20,
              "Shared Hit Blocks": 80,
              "Shared Read Blocks": 0,
              "Shared Dirtied Blocks": 0,
              "Shared Written Blocks": 0,
              "Local Hit Blocks": 0,
              "Local Read Blocks": 0,
              "Local Dirtied Blocks": 0,
              "Local Written Blocks": 0,
              "Temp Read Blocks": 0,
              "Temp Written Blocks": 0
            }
          ]
        }
      ]
    },
    "Planning": {
      "Shared Hit Blocks": 10,
      "Shared Read Blocks": 0,
      "Shared Dirtied Blocks": 0,
      "Shared Written Blocks": 0,
      "Local Hit Blocks": 0,
      "Local Read Blocks": 0,
      "Local Dirtied Blocks": 0,
      "Local Written Blocks": 0,
      "Temp Read Blocks": 0,
      "Temp Written Blocks": 0
    },
    "Planning Time": 0.056,
    "Triggers": [
    ],
    "Execution Time": 0.034
  }
]
