\set ON_ERROR_STOP on
\pset pager off
Pager usage is off.
SET max_parallel_workers_per_gather = 0;
SET
SET jit = off;
SET
SET work_mem = '64MB';
SET
SELECT version();
                                                         version                                                          
--------------------------------------------------------------------------------------------------------------------------
 PostgreSQL 18.6 (Debian 18.6-1.pgdg13+2) on aarch64-unknown-linux-gnu, compiled by gcc (Debian 14.2.0-19) 14.2.0, 64-bit
(1 row)

CREATE TABLE books (
  id bigint PRIMARY KEY,
  title text NOT NULL
);
CREATE TABLE
CREATE TABLE reading_records (
  book_id bigint NOT NULL,
  finished_at timestamp NOT NULL
);
CREATE TABLE
\timing on
Timing is on.
INSERT INTO books
SELECT n, '実験用の本 ' || n FROM generate_series(1, 1000000) AS n;
INSERT 0 1000000
Time: 1338.308 ms (00:01.338)
INSERT INTO reading_records
SELECT ((n::bigint * 7919) % 1000000) + 1,
       timestamp '2026-08-24' + ((n::bigint * 104729) % 2419200) * interval '1 second'
FROM generate_series(1, 20000000) AS n;
INSERT 0 20000000
Time: 27021.934 ms (00:27.022)
\timing off
Timing is off.
VACUUM ANALYZE books;
VACUUM
VACUUM ANALYZE reading_records;
VACUUM
SELECT count(*) AS total_records,
       count(*) FILTER (WHERE finished_at >= timestamp '2026-09-14'
                        AND finished_at < timestamp '2026-09-21') AS weekly_records
FROM reading_records;
 total_records | weekly_records 
---------------+----------------
      20000000 |        4999999
(1 row)

SELECT pg_size_pretty(pg_relation_size('reading_records')) AS records_size;
 records_size 
--------------
 845 MB
(1 row)

\echo '== A: 序章と同じく Index は主キーだけ'
== A: 序章と同じく Index は主キーだけ
\o /dev/null
\timing on
Timing is on.
SELECT b.id, b.title, count(*) AS read_count
FROM books AS b
JOIN reading_records AS r ON r.book_id = b.id
WHERE r.finished_at >= timestamp '2026-09-14'
  AND r.finished_at < timestamp '2026-09-21'
GROUP BY b.id, b.title
ORDER BY read_count DESC, b.id ASC
LIMIT 20;
Time: 7611.286 ms (00:07.611)
\g
Time: 6046.566 ms (00:06.047)
\g
Time: 5706.781 ms (00:05.707)
\timing off
Timing is off.
\o
\echo '== 日時Indexを作る'
== 日時Indexを作る
\timing on
Timing is on.
CREATE INDEX reading_records_order_idx ON reading_records (finished_at DESC, book_id ASC);
CREATE INDEX
Time: 9239.454 ms (00:09.239)
\timing off
Timing is off.
VACUUM ANALYZE reading_records;
VACUUM
\echo '== B: 日時Indexを使う基準SQL'
== B: 日時Indexを使う基準SQL
\o /dev/null
\timing on
Timing is on.
SELECT b.id, b.title, count(*) AS read_count
FROM books AS b
JOIN reading_records AS r ON r.book_id = b.id
WHERE r.finished_at >= timestamp '2026-09-14'
  AND r.finished_at < timestamp '2026-09-21'
GROUP BY b.id, b.title
ORDER BY read_count DESC, b.id ASC
LIMIT 20;
Time: 6915.521 ms (00:06.916)
\g
Time: 7224.815 ms (00:07.225)
\g
Time: 7184.219 ms (00:07.184)
\timing off
Timing is off.
\o
\echo '== C: 案2 集計後に題名を付ける'
== C: 案2 集計後に題名を付ける
\o /dev/null
\timing on
Timing is on.
SELECT b.id, b.title, top_books.read_count
FROM (
  SELECT book_id, count(*) AS read_count
  FROM reading_records
  WHERE finished_at >= timestamp '2026-09-14'
    AND finished_at < timestamp '2026-09-21'
  GROUP BY book_id
  ORDER BY read_count DESC, book_id ASC
  LIMIT 20
) AS top_books
JOIN books AS b ON b.id = top_books.book_id
ORDER BY top_books.read_count DESC, b.id ASC;
Time: 2127.801 ms (00:02.128)
\g
Time: 2051.258 ms (00:02.051)
\g
Time: 2131.669 ms (00:02.132)
\timing off
Timing is off.
\o
\echo '== D: 案3 集計テーブルを作って読む'
== D: 案3 集計テーブルを作って読む
\timing on
Timing is on.
CREATE TABLE weekly_read_counts AS
SELECT book_id, count(*) AS read_count
FROM reading_records
WHERE finished_at >= timestamp '2026-09-14'
  AND finished_at < timestamp '2026-09-21'
GROUP BY book_id;
SELECT 1000000
Time: 2295.201 ms (00:02.295)
CREATE INDEX weekly_read_counts_order_idx
ON weekly_read_counts (read_count DESC, book_id ASC);
CREATE INDEX
Time: 402.849 ms
ANALYZE weekly_read_counts;
ANALYZE
Time: 37.805 ms
\o /dev/null
SELECT b.id, b.title, w.read_count
FROM weekly_read_counts AS w JOIN books AS b ON b.id = w.book_id
ORDER BY w.read_count DESC, w.book_id ASC LIMIT 20;
Time: 0.656 ms
\g
Time: 0.331 ms
\g
Time: 0.212 ms
\o
\timing off
Timing is off.
\echo '== 計画（1回ずつ）'
== 計画（1回ずつ）
EXPLAIN (ANALYZE, BUFFERS)
SELECT b.id, b.title, count(*) AS read_count
FROM books AS b
JOIN reading_records AS r ON r.book_id = b.id
WHERE r.finished_at >= timestamp '2026-09-14'
  AND r.finished_at < timestamp '2026-09-21'
GROUP BY b.id, b.title
ORDER BY read_count DESC, b.id ASC
LIMIT 20;
                                                                                           QUERY PLAN                                                                                            
-------------------------------------------------------------------------------------------------------------------------------------------------------------------------------------------------
 Limit  (cost=281528.55..281528.60 rows=20 width=38) (actual time=8668.559..8668.566 rows=20.00 loops=1)
   Buffers: shared hit=4984133 read=26508 written=1397
   ->  Sort  (cost=281528.55..284028.55 rows=1000000 width=38) (actual time=8668.558..8668.563 rows=20.00 loops=1)
         Sort Key: (count(*)) DESC, b.id
         Sort Method: top-N heapsort  Memory: 26kB
         Buffers: shared hit=4984133 read=26508 written=1397
         ->  HashAggregate  (cost=244918.91..254918.91 rows=1000000 width=38) (actual time=8292.786..8558.337 rows=1000000.00 loops=1)
               Group Key: b.id
               Batches: 1  Memory Usage: 98329kB
               Buffers: shared hit=4984133 read=26508 written=1397
               ->  Hash Join  (cost=29853.56..220522.40 rows=4879301 width=30) (actual time=244.049..5718.415 rows=4999999.00 loops=1)
                     Hash Cond: (r.book_id = b.id)
                     Buffers: shared hit=4984133 read=26508 written=1397
                     ->  Index Only Scan using reading_records_order_idx on reading_records r  (cost=0.56..177506.78 rows=5014311 width=8) (actual time=0.010..1027.877 rows=4999999.00 loops=1)
                           Index Cond: ((finished_at >= '2026-09-14 00:00:00'::timestamp without time zone) AND (finished_at < '2026-09-21 00:00:00'::timestamp without time zone))
                           Heap Fetches: 0
                           Index Searches: 1
                           Buffers: shared hit=4984131 read=19157 written=1397
                     ->  Hash  (cost=17353.00..17353.00 rows=1000000 width=30) (actual time=243.873..243.875 rows=1000000.00 loops=1)
                           Buckets: 1048576  Batches: 1  Memory Usage: 69607kB
                           Buffers: shared hit=2 read=7351
                           ->  Seq Scan on books b  (cost=0.00..17353.00 rows=1000000 width=30) (actual time=0.007..72.597 rows=1000000.00 loops=1)
                                 Buffers: shared hit=2 read=7351
 Planning:
   Buffers: shared hit=13
 Planning Time: 0.097 ms
 Execution Time: 8670.638 ms
(27 rows)

EXPLAIN (ANALYZE, BUFFERS)
SELECT b.id, b.title, top_books.read_count
FROM (
  SELECT book_id, count(*) AS read_count
  FROM reading_records
  WHERE finished_at >= timestamp '2026-09-14'
    AND finished_at < timestamp '2026-09-21'
  GROUP BY book_id
  ORDER BY read_count DESC, book_id ASC
  LIMIT 20
) AS top_books
JOIN books AS b ON b.id = top_books.book_id
ORDER BY top_books.read_count DESC, b.id ASC;
                                                                                          QUERY PLAN                                                                                          
----------------------------------------------------------------------------------------------------------------------------------------------------------------------------------------------
 Nested Loop  (cost=240064.65..240233.33 rows=20 width=38) (actual time=2444.848..2444.876 rows=20.00 loops=1)
   Buffers: shared hit=4984211 read=19157
   ->  Limit  (cost=240064.23..240064.28 rows=20 width=16) (actual time=2444.808..2444.812 rows=20.00 loops=1)
         Buffers: shared hit=4984131 read=19157
         ->  Sort  (cost=240064.23..242624.07 rows=1023935 width=16) (actual time=2444.802..2444.804 rows=20.00 loops=1)
               Sort Key: (count(*)) DESC, reading_records.book_id
               Sort Method: top-N heapsort  Memory: 26kB
               Buffers: shared hit=4984131 read=19157
               ->  HashAggregate  (cost=202578.34..212817.69 rows=1023935 width=16) (actual time=2253.919..2365.822 rows=1000000.00 loops=1)
                     Group Key: reading_records.book_id
                     Batches: 1  Memory Usage: 73753kB
                     Buffers: shared hit=4984131 read=19157
                     ->  Index Only Scan using reading_records_order_idx on reading_records  (cost=0.56..177506.78 rows=5014311 width=8) (actual time=0.012..864.226 rows=4999999.00 loops=1)
                           Index Cond: ((finished_at >= '2026-09-14 00:00:00'::timestamp without time zone) AND (finished_at < '2026-09-21 00:00:00'::timestamp without time zone))
                           Heap Fetches: 0
                           Index Searches: 1
                           Buffers: shared hit=4984131 read=19157
   ->  Index Scan using books_pkey on books b  (cost=0.42..8.44 rows=1 width=30) (actual time=0.003..0.003 rows=1.00 loops=20)
         Index Cond: (id = reading_records.book_id)
         Index Searches: 20
         Buffers: shared hit=80
 Planning:
   Buffers: shared hit=5
 Planning Time: 0.190 ms
 Execution Time: 2445.696 ms
(25 rows)

EXPLAIN (ANALYZE, BUFFERS)
SELECT b.id, b.title, w.read_count
FROM weekly_read_counts AS w JOIN books AS b ON b.id = w.book_id
ORDER BY w.read_count DESC, w.book_id ASC LIMIT 20;
                                                                                    QUERY PLAN                                                                                     
-----------------------------------------------------------------------------------------------------------------------------------------------------------------------------------
 Limit  (cost=0.85..11.48 rows=20 width=46) (actual time=0.038..0.150 rows=20.00 loops=1)
   Buffers: shared hit=91 read=12
   ->  Nested Loop  (cost=0.85..531406.74 rows=1000000 width=46) (actual time=0.037..0.148 rows=20.00 loops=1)
         Buffers: shared hit=91 read=12
         ->  Index Only Scan using weekly_read_counts_order_idx on weekly_read_counts w  (cost=0.42..48514.80 rows=1000000 width=16) (actual time=0.033..0.122 rows=20.00 loops=1)
               Heap Fetches: 20
               Index Searches: 1
               Buffers: shared hit=11 read=12
         ->  Index Scan using books_pkey on books b  (cost=0.42..0.48 rows=1 width=30) (actual time=0.001..0.001 rows=1.00 loops=20)
               Index Cond: (id = w.book_id)
               Index Searches: 20
               Buffers: shared hit=80
 Planning:
   Buffers: shared hit=8
 Planning Time: 0.135 ms
 Execution Time: 0.162 ms
(16 rows)

