\set ON_ERROR_STOP on
\pset pager off
Pager usage is off.
SET max_parallel_workers_per_gather = 0;
SET
SET jit = off;
SET
SET work_mem = '4MB';
SET
BEGIN;
BEGIN
CREATE SCHEMA book_observation;
CREATE SCHEMA
CREATE TABLE book_observation.books
  (LIKE public.books INCLUDING DEFAULTS INCLUDING CONSTRAINTS);
CREATE TABLE
ALTER TABLE book_observation.books ADD PRIMARY KEY (id);
ALTER TABLE
INSERT INTO book_observation.books
SELECT id, title FROM public.books WHERE id BETWEEN 1 AND 1000;
INSERT 0 1000
SET LOCAL search_path = book_observation, public;
SET
ANALYZE books;
ANALYZE
SELECT count(*) FROM books;
 count 
-------
  1000
(1 row)

EXPLAIN (ANALYZE, BUFFERS)
SELECT id, title FROM books WHERE title = '実験用の本 42';
                                             QUERY PLAN                                             
----------------------------------------------------------------------------------------------------
 Seq Scan on books  (cost=0.00..20.50 rows=1 width=27) (actual time=0.005..0.037 rows=1.00 loops=1)
   Filter: (title = '実験用の本 42'::text)
   Rows Removed by Filter: 999
   Buffers: shared hit=8
 Planning:
   Buffers: shared hit=11
 Planning Time: 0.034 ms
 Execution Time: 0.041 ms
(8 rows)

ROLLBACK;
ROLLBACK
