SET
SET
SET
CREATE INDEX
VACUUM
                                                                            QUERY PLAN
------------------------------------------------------------------------------------------------------------------------------------------------------------------
 Index Only Scan Backward using reading_records_visibility_idx on reading_records  (cost=0.43..4.46 rows=2 width=16) (actual time=0.059..0.064 rows=2.00 loops=1)
   Index Cond: (book_id = 42)
   Heap Fetches: 0
   Index Searches: 1
   Buffers: shared hit=4 read=3
 Planning:
   Buffers: shared hit=35 read=4
 Planning Time: 0.510 ms
 Execution Time: 0.140 ms
(9 rows)

                                                                        QUERY PLAN
-----------------------------------------------------------------------------------------------------------------------------------------------------------
 Update on reading_records  (cost=0.43..12.46 rows=0 width=0) (actual time=0.171..0.171 rows=0.00 loops=1)
   Buffers: shared hit=25 read=4 dirtied=4
   WAL: records=8 bytes=592
   ->  Index Scan using reading_records_visibility_idx on reading_records  (cost=0.43..12.46 rows=2 width=14) (actual time=0.006..0.021 rows=2.00 loops=1)
         Index Cond: (book_id = 42)
         Index Searches: 1
         Buffers: shared hit=4 read=1
 Planning:
   Buffers: shared hit=3
 Planning Time: 0.043 ms
 Execution Time: 0.251 ms
(11 rows)

                                                                            QUERY PLAN
------------------------------------------------------------------------------------------------------------------------------------------------------------------
 Index Only Scan Backward using reading_records_visibility_idx on reading_records  (cost=0.43..4.46 rows=2 width=16) (actual time=0.007..0.019 rows=2.00 loops=1)
   Index Cond: (book_id = 42)
   Heap Fetches: 4
   Index Searches: 1
   Buffers: shared hit=8
 Planning Time: 0.024 ms
 Execution Time: 0.026 ms
(7 rows)

VACUUM
                                                                            QUERY PLAN
------------------------------------------------------------------------------------------------------------------------------------------------------------------
 Index Only Scan Backward using reading_records_visibility_idx on reading_records  (cost=0.43..8.46 rows=2 width=16) (actual time=0.008..0.008 rows=2.00 loops=1)
   Index Cond: (book_id = 42)
   Heap Fetches: 0
   Index Searches: 1
   Buffers: shared hit=4
 Planning:
   Buffers: shared hit=8
 Planning Time: 0.084 ms
 Execution Time: 0.023 ms
(9 rows)

DROP INDEX
 pid | state | xact_start
-----+-------+------------
(0 rows)

