                                                                                QUERY PLAN                                                                                
--------------------------------------------------------------------------------------------------------------------------------------------------------------------------
 Limit  (cost=3038.83..3039.44 rows=20 width=16) (actual time=15.097..15.117 rows=20.00 loops=1)
   Buffers: shared hit=387
   ->  Index Only Scan using reading_records_order_idx on reading_records  (cost=0.43..60768.43 rows=2000000 width=16) (actual time=0.132..11.517 rows=100020.00 loops=1)
         Heap Fetches: 0
         Index Searches: 1
         Buffers: shared hit=387
 Planning:
   Buffers: shared hit=90
 Planning Time: 0.903 ms
 Execution Time: 15.241 ms
(10 rows)

                                                                             QUERY PLAN                                                                              
---------------------------------------------------------------------------------------------------------------------------------------------------------------------
 Limit  (cost=0.43..1.20 rows=20 width=16) (actual time=0.232..0.236 rows=20.00 loops=1)
   Buffers: shared hit=3 read=1
   ->  Index Only Scan using reading_records_order_idx on reading_records  (cost=0.43..71953.53 rows=1853288 width=16) (actual time=0.231..0.233 rows=20.00 loops=1)
         Index Cond: (finished_at <= '2026-09-19 14:24:00'::timestamp without time zone)
         Filter: ((finished_at < '2026-09-19 14:24:00'::timestamp without time zone) OR (book_id > 479127))
         Rows Removed by Filter: 1
         Heap Fetches: 0
         Index Searches: 1
         Buffers: shared hit=3 read=1
 Planning:
   Buffers: shared hit=20
 Planning Time: 0.296 ms
 Execution Time: 0.258 ms
(13 rows)

