                                                                               QUERY PLAN                                                                                
-------------------------------------------------------------------------------------------------------------------------------------------------------------------------
 Limit  (cost=3038.83..3039.44 rows=20 width=16) (actual time=12.637..12.645 rows=20.00 loops=1)
   Buffers: shared hit=387
   ->  Index Only Scan using reading_records_order_idx on reading_records  (cost=0.43..60768.43 rows=2000000 width=16) (actual time=0.025..9.053 rows=100020.00 loops=1)
         Heap Fetches: 0
         Index Searches: 1
         Buffers: shared hit=387
 Planning:
   Buffers: shared hit=90
 Planning Time: 0.213 ms
 Execution Time: 12.662 ms
(10 rows)

                                                                                     QUERY PLAN                                                                                      
-------------------------------------------------------------------------------------------------------------------------------------------------------------------------------------
 Limit  (cost=0.43..1.23 rows=20 width=16) (actual time=5.032..5.035 rows=20.00 loops=1)
   Buffers: shared hit=387
   ->  Index Only Scan using reading_records_order_idx on reading_records  (cost=0.43..75768.43 rows=1899248 width=16) (actual time=5.031..5.033 rows=20.00 loops=1)
         Filter: ((finished_at < '2026-09-19 14:24:00'::timestamp without time zone) OR ((finished_at = '2026-09-19 14:24:00'::timestamp without time zone) AND (book_id > 479127)))
         Rows Removed by Filter: 100000
         Heap Fetches: 0
         Index Searches: 1
         Buffers: shared hit=387
 Planning:
   Buffers: shared hit=6
 Planning Time: 0.087 ms
 Execution Time: 5.047 ms
(12 rows)

