                                                                               QUERY PLAN                                                                                
-------------------------------------------------------------------------------------------------------------------------------------------------------------------------
 Limit  (cost=3038.83..3039.44 rows=20 width=16) (actual time=13.204..13.211 rows=20.00 loops=1)
   Buffers: shared hit=387
   ->  Index Only Scan using reading_records_order_idx on reading_records  (cost=0.43..60768.43 rows=2000000 width=16) (actual time=0.029..9.583 rows=100020.00 loops=1)
         Heap Fetches: 0
         Index Searches: 1
         Buffers: shared hit=387
 Planning:
   Buffers: shared hit=90
 Planning Time: 0.222 ms
 Execution Time: 13.231 ms
(10 rows)

                                                                             QUERY PLAN                                                                              
---------------------------------------------------------------------------------------------------------------------------------------------------------------------
 Limit  (cost=0.43..1.20 rows=20 width=16) (actual time=0.018..0.022 rows=20.00 loops=1)
   Buffers: shared hit=4
   ->  Index Only Scan using reading_records_order_idx on reading_records  (cost=0.43..71953.53 rows=1853288 width=16) (actual time=0.017..0.019 rows=20.00 loops=1)
         Index Cond: (finished_at <= '2026-09-19 14:24:00'::timestamp without time zone)
         Filter: ((finished_at < '2026-09-19 14:24:00'::timestamp without time zone) OR (book_id > 479127))
         Rows Removed by Filter: 1
         Heap Fetches: 0
         Index Searches: 1
         Buffers: shared hit=4
 Planning:
   Buffers: shared hit=20
 Planning Time: 0.090 ms
 Execution Time: 0.032 ms
(13 rows)

