CREATE INDEX
SET
SET
SET
    indexname
-----------------
 books_pkey
 books_title_idx
(2 rows)

                                                                                   QUERY PLAN
--------------------------------------------------------------------------------------------------------------------------------------------------------------------------------
 Limit  (cost=153548.50..153548.55 rows=20 width=38) (actual time=627.239..627.244 rows=20.00 loops=1)
   Buffers: shared hit=4288 read=13879, temp read=9046 written=10758
   ->  Sort  (cost=153548.50..154780.84 rows=492937 width=38) (actual time=627.238..627.241 rows=20.00 loops=1)
         Sort Key: (count(*)) DESC, b.id
         Sort Method: top-N heapsort  Memory: 27kB
         Buffers: shared hit=4288 read=13879, temp read=9046 written=10758
         ->  HashAggregate  (cost=128762.88..140431.62 rows=492937 width=38) (actual time=552.463..606.428 rows=255238.00 loops=1)
               Group Key: b.id
               Planned Partitions: 8  Batches: 9  Memory Usage: 8281kB  Disk Usage: 15584kB
               Buffers: shared hit=4285 read=13879, temp read=9046 written=10758
               ->  Hash Join  (cost=36689.00..89481.96 rows=492937 width=30) (actual time=168.642..459.483 rows=499998.00 loops=1)
                     Hash Cond: (r.book_id = b.id)
                     Buffers: shared hit=4285 read=13879, temp read=7278 written=7278
                     ->  Seq Scan on reading_records r  (cost=0.00..40811.00 rows=492937 width=8) (actual time=0.154..101.089 rows=499998.00 loops=1)
                           Filter: ((finished_at >= '2026-09-14 00:00:00'::timestamp without time zone) AND (finished_at < '2026-09-21 00:00:00'::timestamp without time zone))
                           Rows Removed by Filter: 1500002
                           Buffers: shared hit=2048 read=8763
                     ->  Hash  (cost=17353.00..17353.00 rows=1000000 width=30) (actual time=168.081..168.082 rows=1000000.00 loops=1)
                           Buckets: 131072  Batches: 16  Memory Usage: 4883kB
                           Buffers: shared hit=2237 read=5116, temp written=5815
                           ->  Seq Scan on books b  (cost=0.00..17353.00 rows=1000000 width=30) (actual time=0.015..63.978 rows=1000000.00 loops=1)
                                 Buffers: shared hit=2237 read=5116
 Planning:
   Buffers: shared hit=103 read=6
 Planning Time: 0.434 ms
 Execution Time: 628.771 ms
(26 rows)

                                                                                   QUERY PLAN
--------------------------------------------------------------------------------------------------------------------------------------------------------------------------------
 Limit  (cost=153548.50..153548.55 rows=20 width=38) (actual time=606.732..606.737 rows=20.00 loops=1)
   Buffers: shared hit=4473 read=13691, temp read=9046 written=10758
   ->  Sort  (cost=153548.50..154780.84 rows=492937 width=38) (actual time=606.731..606.734 rows=20.00 loops=1)
         Sort Key: (count(*)) DESC, b.id
         Sort Method: top-N heapsort  Memory: 27kB
         Buffers: shared hit=4473 read=13691, temp read=9046 written=10758
         ->  HashAggregate  (cost=128762.88..140431.62 rows=492937 width=38) (actual time=533.415..585.755 rows=255238.00 loops=1)
               Group Key: b.id
               Planned Partitions: 8  Batches: 9  Memory Usage: 8281kB  Disk Usage: 15584kB
               Buffers: shared hit=4473 read=13691, temp read=9046 written=10758
               ->  Hash Join  (cost=36689.00..89481.96 rows=492937 width=30) (actual time=174.146..444.974 rows=499998.00 loops=1)
                     Hash Cond: (r.book_id = b.id)
                     Buffers: shared hit=4473 read=13691, temp read=7278 written=7278
                     ->  Seq Scan on reading_records r  (cost=0.00..40811.00 rows=492937 width=8) (actual time=0.131..90.406 rows=499998.00 loops=1)
                           Filter: ((finished_at >= '2026-09-14 00:00:00'::timestamp without time zone) AND (finished_at < '2026-09-21 00:00:00'::timestamp without time zone))
                           Rows Removed by Filter: 1500002
                           Buffers: shared hit=2142 read=8669
                     ->  Hash  (cost=17353.00..17353.00 rows=1000000 width=30) (actual time=173.805..173.805 rows=1000000.00 loops=1)
                           Buckets: 131072  Batches: 16  Memory Usage: 4883kB
                           Buffers: shared hit=2331 read=5022, temp written=5815
                           ->  Seq Scan on books b  (cost=0.00..17353.00 rows=1000000 width=30) (actual time=0.013..61.664 rows=1000000.00 loops=1)
                                 Buffers: shared hit=2331 read=5022
 Planning:
   Buffers: shared hit=8
 Planning Time: 0.169 ms
 Execution Time: 607.989 ms
(26 rows)

