-- 2026-09-23 PostgreSQL 18.6 (Docker)。books 1,000,000 / reading_records 2,000,000
-- SET max_parallel_workers_per_gather = 0; SET jit = off; SET work_mem = '4MB';
-- BEGIN; CREATE INDEX reading_records_order_idx ON reading_records (finished_at DESC, book_id ASC); ANALYZE reading_records;

-- 20件に題名を付ける
 Nested Loop  (cost=0.86..90.18 rows=20 width=38) (actual time=0.216..7.073 rows=20.00 loops=1)
   Buffers: shared hit=55 read=29
   ->  Limit  (cost=0.43..1.04 rows=20 width=16) (actual time=0.101..0.111 rows=20.00 loops=1)
         Buffers: shared hit=1 read=3
         ->  Index Only Scan using reading_records_order_idx on reading_records  (cost=0.43..60768.43 rows=2000000 width=16) (actual time=0.097..0.105 rows=20.00 loops=1)
               Heap Fetches: 0
               Index Searches: 1
               Buffers: shared hit=1 read=3
   ->  Memoize  (cost=0.43..8.45 rows=1 width=30) (actual time=0.346..0.346 rows=1.00 loops=20)
         Cache Key: reading_records.book_id
         Cache Mode: logical
         Hits: 0  Misses: 20  Evictions: 0  Overflows: 0  Memory Usage: 3kB
         Buffers: shared hit=54 read=26
         ->  Index Scan using books_pkey on books b  (cost=0.42..8.44 rows=1 width=30) (actual time=0.344..0.344 rows=1.00 loops=20)
               Index Cond: (id = reading_records.book_id)
               Index Searches: 20
               Buffers: shared hit=54 read=26
 Planning:
   Buffers: shared hit=105 read=2
 Planning Time: 1.981 ms
 Execution Time: 7.494 ms

-- 1週間分に題名を付ける
 Hash Join  (cost=36689.43..66472.66 rows=500739 width=30) (actual time=307.583..649.631 rows=499998.00 loops=1)
   Hash Cond: (r.book_id = b.id)
   Buffers: shared hit=4207 read=5065, temp read=7569 written=7569
   ->  Index Only Scan using reading_records_order_idx on reading_records r  (cost=0.43..17719.21 rows=500739 width=8) (actual time=0.008..126.412 rows=499998.00 loops=1)
         Index Cond: ((finished_at >= '2026-09-14 00:00:00'::timestamp without time zone) AND (finished_at < '2026-09-21 00:00:00'::timestamp without time zone))
         Heap Fetches: 0
         Index Searches: 1
         Buffers: shared hit=4 read=1915
   ->  Hash  (cost=17353.00..17353.00 rows=1000000 width=30) (actual time=307.533..307.533 rows=1000000.00 loops=1)
         Buckets: 131072  Batches: 16  Memory Usage: 4940kB
         Buffers: shared hit=4203 read=3150, temp written=5943
         ->  Seq Scan on books b  (cost=0.00..17353.00 rows=1000000 width=30) (actual time=0.026..173.931 rows=1000000.00 loops=1)
               Buffers: shared hit=4203 read=3150
 Planning:
   Buffers: shared hit=18
 Planning Time: 0.170 ms
 Execution Time: 664.568 ms

-- ROLLBACK;
