 max_parallel_workers_per_gather
---------------------------------
 2
(1 row)

 jit
-----
 on
(1 row)

 work_mem
----------
 4MB
(1 row)

                                                       QUERY PLAN
------------------------------------------------------------------------------------------------------------------------
 Gather  (cost=1000.00..13561.43 rows=1 width=30) (actual time=0.415..39.677 rows=1.00 loops=1)
   Workers Planned: 2
   Workers Launched: 2
   Buffers: shared hit=1498 read=5855 dirtied=5882 written=5855
   ->  Parallel Seq Scan on books  (cost=0.00..12561.33 rows=1 width=30) (actual time=23.375..35.797 rows=0.33 loops=3)
         Filter: (title = '実験用の本 42'::text)
         Rows Removed by Filter: 333333
         Buffers: shared hit=1498 read=5855 dirtied=5882 written=5855
 Planning:
   Buffers: shared hit=62 read=1 written=1
 Planning Time: 0.486 ms
 Execution Time: 39.765 ms
(12 rows)

                                                                                         QUERY PLAN
--------------------------------------------------------------------------------------------------------------------------------------------------------------------------------------------
 Limit  (cost=149844.86..149844.91 rows=20 width=38) (actual time=460.937..467.068 rows=20.00 loops=1)
   Buffers: shared hit=3845 read=14335 dirtied=8763 written=8976, temp read=10092 written=10257
   ->  Sort  (cost=149844.86..151077.21 rows=492937 width=38) (actual time=456.028..462.158 rows=20.00 loops=1)
         Sort Key: (count(*)) DESC, b.id
         Sort Method: top-N heapsort  Memory: 26kB
         Buffers: shared hit=3845 read=14335 dirtied=8763 written=8976, temp read=10092 written=10257
         ->  GroupAggregate  (cost=71923.30..136727.99 rows=492937 width=38) (actual time=308.071..439.264 rows=255238.00 loops=1)
               Group Key: b.id
               Buffers: shared hit=3845 read=14335 dirtied=8763 written=8976, temp read=10092 written=10257
               ->  Gather Merge  (cost=71923.30..129333.93 rows=492937 width=30) (actual time=308.025..377.679 rows=499998.00 loops=1)
                     Workers Planned: 2
                     Workers Launched: 2
                     Buffers: shared hit=3845 read=14335 dirtied=8763 written=8976, temp read=10092 written=10257
                     ->  Sort  (cost=70923.27..71436.75 rows=205390 width=30) (actual time=294.766..308.774 rows=166666.00 loops=3)
                           Sort Key: b.id
                           Sort Method: external merge  Disk: 6960kB
                           Buffers: shared hit=3845 read=14335 dirtied=8763 written=8976, temp read=10092 written=10257
                           Worker 0:  Sort Method: external merge  Disk: 6512kB
                           Worker 1:  Sort Method: external merge  Disk: 6576kB
                           ->  Parallel Hash Join  (cost=19577.00..47882.15 rows=205390 width=30) (actual time=192.850..255.183 rows=166666.00 loops=3)
                                 Hash Cond: (r.book_id = b.id)
                                 Buffers: shared hit=3829 read=14335 dirtied=8763 written=8976, temp read=7586 written=7744
                                 ->  Parallel Seq Scan on reading_records r  (cost=0.00..23311.00 rows=205390 width=8) (actual time=0.212..64.384 rows=166666.00 loops=3)
                                       Filter: ((finished_at >= '2026-09-14 00:00:00'::timestamp without time zone) AND (finished_at < '2026-09-21 00:00:00'::timestamp without time zone))
                                       Rows Removed by Filter: 500001
                                       Buffers: shared hit=2048 read=8763 dirtied=8763 written=8763
                                 ->  Parallel Hash  (cost=11519.67..11519.67 rows=416667 width=30) (actual time=93.290..93.290 rows=333333.33 loops=3)
                                       Buckets: 131072  Batches: 16  Memory Usage: 4992kB
                                       Buffers: shared hit=1781 read=5572 written=213, temp written=5936
                                       ->  Parallel Seq Scan on books b  (cost=0.00..11519.67 rows=416667 width=30) (actual time=0.153..26.780 rows=333333.33 loops=3)
                                             Buffers: shared hit=1781 read=5572 written=213
 Planning:
   Buffers: shared hit=61 read=4
 Planning Time: 0.430 ms
 JIT:
   Functions: 37
   Options: Inlining false, Optimization false, Expressions true, Deforming true
   Timing: Generation 1.441 ms (Deform 0.399 ms), Inlining 0.000 ms, Optimization 0.706 ms, Emission 12.385 ms, Total 14.533 ms
 Execution Time: 480.146 ms
(39 rows)

