SELECT version();
                                                         version                                                          
--------------------------------------------------------------------------------------------------------------------------
 PostgreSQL 18.6 (Debian 18.6-1.pgdg13+2) on aarch64-unknown-linux-gnu, compiled by gcc (Debian 14.2.0-19) 14.2.0, 64-bit
(1 row)

SET max_parallel_workers_per_gather = 0;
SET jit = off;
SET work_mem = '4MB';
SELECT id, title, ctid FROM books
WHERE title >= '実験用の本 4' AND title < '実験用の本 5'
ORDER BY title LIMIT 17;
   id   |       title       |   ctid    
--------+-------------------+-----------
      4 | 実験用の本 4      | (0,4)
     40 | 実験用の本 40     | (0,40)
    400 | 実験用の本 400    | (2,128)
   4000 | 実験用の本 4000   | (29,56)
  40000 | 実験用の本 40000  | (294,16)
 400000 | 実験用の本 400000 | (2941,24)
 400001 | 実験用の本 400001 | (2941,25)
 400002 | 実験用の本 400002 | (2941,26)
 400003 | 実験用の本 400003 | (2941,27)
 400004 | 実験用の本 400004 | (2941,28)
 400005 | 実験用の本 400005 | (2941,29)
 400006 | 実験用の本 400006 | (2941,30)
 400007 | 実験用の本 400007 | (2941,31)
 400008 | 実験用の本 400008 | (2941,32)
 400009 | 実験用の本 400009 | (2941,33)
  40001 | 実験用の本 40001  | (294,17)
 400010 | 実験用の本 400010 | (2941,34)
(17 rows)

